Archive member included to satisfy reference by file (symbol)

c:/chibistudio/tools/gnu tools arm embedded/11.3 2022.08/bin/../lib/gcc/arm-none-eabi/11.3.1/thumb/v7e-m+fp/hard\libg.a(libc_a-ctype_.o)
                              ./build/obj/chscanf.o (symbol from plugin) (_ctype_)
c:/chibistudio/tools/gnu tools arm embedded/11.3 2022.08/bin/../lib/gcc/arm-none-eabi/11.3.1/thumb/v7e-m+fp/hard\libgcc.a(_arm_muldf3.o)
                              C:\Users\patri\AppData\Local\Temp\ccXUclNl.ltrans0.ltrans.o (__aeabi_dmul)
c:/chibistudio/tools/gnu tools arm embedded/11.3 2022.08/bin/../lib/gcc/arm-none-eabi/11.3.1/thumb/v7e-m+fp/hard\libgcc.a(_arm_addsubdf3.o)
                              C:\Users\patri\AppData\Local\Temp\ccXUclNl.ltrans0.ltrans.o (__aeabi_dsub)
c:/chibistudio/tools/gnu tools arm embedded/11.3 2022.08/bin/../lib/gcc/arm-none-eabi/11.3.1/thumb/v7e-m+fp/hard\libgcc.a(_arm_fixdfsi.o)
                              C:\Users\patri\AppData\Local\Temp\ccXUclNl.ltrans0.ltrans.o (__aeabi_d2iz)
c:/chibistudio/tools/gnu tools arm embedded/11.3 2022.08/bin/../lib/gcc/arm-none-eabi/11.3.1/thumb/v7e-m+fp/hard\libgcc.a(_arm_truncdfsf2.o)
                              C:\Users\patri\AppData\Local\Temp\ccXUclNl.ltrans0.ltrans.o (__aeabi_d2f)
c:/chibistudio/tools/gnu tools arm embedded/11.3 2022.08/bin/../lib/gcc/arm-none-eabi/11.3.1/thumb/v7e-m+fp/hard\libgcc.a(_aeabi_uldivmod.o)
                              C:\Users\patri\AppData\Local\Temp\ccXUclNl.ltrans0.ltrans.o (__aeabi_uldivmod)
c:/chibistudio/tools/gnu tools arm embedded/11.3 2022.08/bin/../lib/gcc/arm-none-eabi/11.3.1/thumb/v7e-m+fp/hard\libgcc.a(_fixunssfdi.o)
                              C:\Users\patri\AppData\Local\Temp\ccXUclNl.ltrans0.ltrans.o (__aeabi_f2ulz)
c:/chibistudio/tools/gnu tools arm embedded/11.3 2022.08/bin/../lib/gcc/arm-none-eabi/11.3.1/thumb/v7e-m+fp/hard\libgcc.a(_udivmoddi4.o)
                              c:/chibistudio/tools/gnu tools arm embedded/11.3 2022.08/bin/../lib/gcc/arm-none-eabi/11.3.1/thumb/v7e-m+fp/hard\libgcc.a(_aeabi_uldivmod.o) (__udivmoddi4)
c:/chibistudio/tools/gnu tools arm embedded/11.3 2022.08/bin/../lib/gcc/arm-none-eabi/11.3.1/thumb/v7e-m+fp/hard\libgcc.a(_dvmd_tls.o)
                              c:/chibistudio/tools/gnu tools arm embedded/11.3 2022.08/bin/../lib/gcc/arm-none-eabi/11.3.1/thumb/v7e-m+fp/hard\libgcc.a(_aeabi_uldivmod.o) (__aeabi_ldiv0)
c:/chibistudio/tools/gnu tools arm embedded/11.3 2022.08/bin/../lib/gcc/arm-none-eabi/11.3.1/thumb/v7e-m+fp/hard\libgcc.a(_arm_fixunsdfsi.o)
                              c:/chibistudio/tools/gnu tools arm embedded/11.3 2022.08/bin/../lib/gcc/arm-none-eabi/11.3.1/thumb/v7e-m+fp/hard\libgcc.a(_fixunssfdi.o) (__aeabi_d2uiz)
c:/chibistudio/tools/gnu tools arm embedded/11.3 2022.08/bin/../lib/gcc/arm-none-eabi/11.3.1/thumb/v7e-m+fp/hard\libg.a(libc_a-memset.o)
                              C:\Users\patri\AppData\Local\Temp\ccXUclNl.ltrans0.ltrans.o (memset)
c:/chibistudio/tools/gnu tools arm embedded/11.3 2022.08/bin/../lib/gcc/arm-none-eabi/11.3.1/thumb/v7e-m+fp/hard\libg.a(libc_a-memcpy.o)
                              C:\Users\patri\AppData\Local\Temp\ccXUclNl.ltrans0.ltrans.o (memcpy)

Discarded input sections

 .data          0x00000000        0x0 ./build/obj/crt0_v7m.o
 .bss           0x00000000        0x0 ./build/obj/crt0_v7m.o
 .data          0x00000000        0x0 ./build/obj/vectors.o
 .bss           0x00000000        0x0 ./build/obj/vectors.o
 .data          0x00000000        0x0 ./build/obj/chcoreasm.o
 .bss           0x00000000        0x0 ./build/obj/chcoreasm.o
 .text          0x00000000        0x0 C:\Users\patri\AppData\Local\Temp\ccXUclNl.ltrans0.ltrans.o
 .data          0x00000000        0x0 C:\Users\patri\AppData\Local\Temp\ccXUclNl.ltrans0.ltrans.o
 .bss           0x00000000        0x0 C:\Users\patri\AppData\Local\Temp\ccXUclNl.ltrans0.ltrans.o
 .comment       0x00000000       0x34 C:\Users\patri\AppData\Local\Temp\ccV6vok0.debug.temp.o
 .comment       0x00000000       0x34 C:\Users\patri\AppData\Local\Temp\cc21CJrt.debug.temp.o
 .comment       0x00000000       0x34 C:\Users\patri\AppData\Local\Temp\ccpjDzuW.debug.temp.o
 .debug_info    0x00000000      0xcd0 C:\Users\patri\AppData\Local\Temp\ccAEicNp.debug.temp.o
 .debug_abbrev  0x00000000      0x208 C:\Users\patri\AppData\Local\Temp\ccAEicNp.debug.temp.o
 .debug_line    0x00000000       0xaf C:\Users\patri\AppData\Local\Temp\ccAEicNp.debug.temp.o
 .debug_str     0x00000000      0x7c4 C:\Users\patri\AppData\Local\Temp\ccAEicNp.debug.temp.o
 .debug_line_str
                0x00000000      0x30b C:\Users\patri\AppData\Local\Temp\ccAEicNp.debug.temp.o
 .comment       0x00000000       0x34 C:\Users\patri\AppData\Local\Temp\ccAEicNp.debug.temp.o
 .debug_info    0x00000000      0x989 C:\Users\patri\AppData\Local\Temp\ccVaZ10S.debug.temp.o
 .debug_abbrev  0x00000000      0x233 C:\Users\patri\AppData\Local\Temp\ccVaZ10S.debug.temp.o
[...]
Memory Configuration

Name             Origin             Length             Attributes
flash0           0x08000000         0x00020000         xr
flash1           0x00000000         0x00000000         xr
flash2           0x00000000         0x00000000         xr
flash3           0x00000000         0x00000000         xr
flash4           0x00000000         0x00000000         xr
flash5           0x00000000         0x00000000         xr
flash6           0x00000000         0x00000000         xr
flash7           0x00000000         0x00000000         xr
ram0             0x20000000         0x00008000         xw
ram1             0x00000000         0x00000000         xw
ram2             0x00000000         0x00000000         xw
ram3             0x00000000         0x00000000         xw
ram4             0x00000000         0x00000000         xw
ram5             0x00000000         0x00000000         xw
ram6             0x00000000         0x00000000         xw
ram7             0x00000000         0x00000000         xw
*default*        0x00000000         0xffffffff

Linker script and memory map

LOAD ./build/obj/crt0_v7m.o
LOAD ./build/obj/vectors.o
LOAD ./build/obj/chcoreasm.o
LOAD ./build/obj/crt1.o
LOAD C:\Users\patri\AppData\Local\Temp\ccXUclNl.ltrans0.ltrans.o
LOAD C:\Users\patri\AppData\Local\Temp\ccV6vok0.debug.temp.o
LOAD C:\Users\patri\AppData\Local\Temp\cc21CJrt.debug.temp.o
LOAD C:\Users\patri\AppData\Local\Temp\ccpjDzuW.debug.temp.o
LOAD C:\Users\patri\AppData\Local\Temp\ccAEicNp.debug.temp.o
LOAD C:\Users\patri\AppData\Local\Temp\ccVaZ10S.debug.temp.o
LOAD C:\Users\patri\AppData\Local\Temp\ccIXwWhl.debug.temp.o
LOAD C:\Users\patri\AppData\Local\Temp\cc7BW7tN.debug.temp.o
LOAD C:\Users\patri\AppData\Local\Temp\ccYsf2Of.debug.temp.o
LOAD C:\Users\patri\AppData\Local\Temp\ccpOWLnI.debug.temp.o
LOAD C:\Users\patri\AppData\Local\Temp\cc6Z0RRa.debug.temp.o
LOAD C:\Users\patri\AppData\Local\Temp\ccVr3jzD.debug.temp.o
LOAD C:\Users\patri\AppData\Local\Temp\cceX7dT9.debug.temp.o
LOAD C:\Users\patri\AppData\Local\Temp\ccNO5C8F.debug.temp.o
LOAD C:\Users\patri\AppData\Local\Temp\ccGKcyBc.debug.temp.o
LOAD C:\Users\patri\AppData\Local\Temp\ccHO3FZI.debug.temp.o
LOAD C:\Users\patri\AppData\Local\Temp\cc2W3jBf.debug.temp.o
LOAD C:\Users\patri\AppData\Local\Temp\ccjxBTlM.debug.temp.o
LOAD C:\Users\patri\AppData\Local\Temp\ccohFL1i.debug.temp.o
LOAD C:\Users\patri\AppData\Local\Temp\ccfKhuKO.debug.temp.o
LOAD C:\Users\patri\AppData\Local\Temp\ccIClTok.debug.temp.o
LOAD C:\Users\patri\AppData\Local\Temp\ccNGx6dQ.debug.temp.o
LOAD C:\Users\patri\AppData\Local\Temp\cc8IkPgm.debug.temp.o
LOAD C:\Users\patri\AppData\Local\Temp\ccNdz3eS.debug.temp.o
LOAD C:\Users\patri\AppData\Local\Temp\ccIGoNqo.debug.temp.o
LOAD C:\Users\patri\AppData\Local\Temp\ccPnwKxU.debug.temp.o
LOAD C:\Users\patri\AppData\Local\Temp\ccc3QKHp.debug.temp.o
LOAD C:\Users\patri\AppData\Local\Temp\ccHWQz0U.debug.temp.o
LOAD C:\Users\patri\AppData\Local\Temp\ccm1RBeq.debug.temp.o
LOAD C:\Users\patri\AppData\Local\Temp\cch4t9FV.debug.temp.o
LOAD C:\Users\patri\AppData\Local\Temp\cceosm5q.debug.temp.o
LOAD C:\Users\patri\AppData\Local\Temp\ccravWHW.debug.temp.o
LOAD C:\Users\patri\AppData\Local\Temp\ccU2aTbr.debug.temp.o
LOAD C:\Users\patri\AppData\Local\Temp\ccdezKOV.debug.temp.o
LOAD C:\Users\patri\AppData\Local\Temp\ccSwn8Eq.debug.temp.o
LOAD C:\Users\patri\AppData\Local\Temp\cc5cXwEV.debug.temp.o
LOAD C:\Users\patri\AppData\Local\Temp\ccq1g8yq.debug.temp.o
LOAD C:\Users\patri\AppData\Local\Temp\cc9PswfZ.debug.temp.o
LOAD C:\Users\patri\AppData\Local\Temp\ccmWRU4x.debug.temp.o
LOAD C:\Users\patri\AppData\Local\Temp\cc1ea226.debug.temp.o
LOAD C:\Users\patri\AppData\Local\Temp\ccWTlEWF.debug.temp.o
LOAD C:\Users\patri\AppData\Local\Temp\cclOHZYe.debug.temp.o
LOAD C:\Users\patri\AppData\Local\Temp\ccOenZ2M.debug.temp.o
LOAD C:\Users\patri\AppData\Local\Temp\ccrQjs6k.debug.temp.o
LOAD C:\Users\patri\AppData\Local\Temp\ccUgvYiT.debug.temp.o
LOAD C:\Users\patri\AppData\Local\Temp\ccFc2RIr.debug.temp.o
LOAD C:\Users\patri\AppData\Local\Temp\ccsD053Z.debug.temp.o
LOAD C:\Users\patri\AppData\Local\Temp\cc1kv2Cy.debug.temp.o
LOAD C:\Users\patri\AppData\Local\Temp\cc6i0Y95.debug.temp.o
LOAD C:\Users\patri\AppData\Local\Temp\ccRYw0zD.debug.temp.o
LOAD C:\Users\patri\AppData\Local\Temp\ccYh0Gdb.debug.temp.o
LOAD C:\Users\patri\AppData\Local\Temp\ccFp4DMI.debug.temp.o
LOAD C:\Users\patri\AppData\Local\Temp\ccuLNpug.debug.temp.o
LOAD C:\Users\patri\AppData\Local\Temp\ccnb4XsO.debug.temp.o
LOAD C:\Users\patri\AppData\Local\Temp\ccMfFyol.debug.temp.o
LOAD C:\Users\patri\AppData\Local\Temp\ccbK9YrS.debug.temp.o
LOAD C:\Users\patri\AppData\Local\Temp\ccONE6sp.debug.temp.o
LOAD C:\Users\patri\AppData\Local\Temp\ccxM9PAW.debug.temp.o
LOAD C:\Users\patri\AppData\Local\Temp\ccCoBeWt.debug.temp.o
LOAD C:\Users\patri\AppData\Local\Temp\ccJ98lW4.debug.temp.o
LOAD C:\Users\patri\AppData\Local\Temp\cc0H9q5F.debug.temp.o
LOAD C:\Users\patri\AppData\Local\Temp\cctU5idh.debug.temp.o
LOAD C:\Users\patri\AppData\Local\Temp\ccIjc5tS.debug.temp.o
LOAD C:\Users\patri\AppData\Local\Temp\ccbytxXt.debug.temp.o
LOAD C:\Users\patri\AppData\Local\Temp\ccCDseo4.debug.temp.o
LOAD C:\Users\patri\AppData\Local\Temp\cc9RwcTE.debug.temp.o
LOAD C:\Users\patri\AppData\Local\Temp\cc2Jhzxf.debug.temp.o
LOAD C:\Users\patri\AppData\Local\Temp\ccd9yEnP.debug.temp.o
LOAD C:\Users\patri\AppData\Local\Temp\cc6mLTfp.debug.temp.o
LOAD C:\Users\patri\AppData\Local\Temp\ccfHYX9Y.debug.temp.o
LOAD C:\Users\patri\AppData\Local\Temp\cc67jslz.debug.temp.o
LOAD C:\Users\patri\AppData\Local\Temp\ccpNBWF9.debug.temp.o
LOAD C:\Users\patri\AppData\Local\Temp\ccSDUDVJ.debug.temp.o
LOAD C:\Users\patri\AppData\Local\Temp\cc7cMbej.debug.temp.o
LOAD C:\Users\patri\AppData\Local\Temp\ccy2YdsS.debug.temp.o
LOAD C:\Users\patri\AppData\Local\Temp\ccjWkMTr.debug.temp.o
LOAD C:\Users\patri\AppData\Local\Temp\ccIKPBg1.debug.temp.o
LOAD C:\Users\patri\AppData\Local\Temp\ccZWCTQA.debug.temp.o
LOAD C:\Users\patri\AppData\Local\Temp\ccwvjGma.debug.temp.o
LOAD C:\Users\patri\AppData\Local\Temp\cc1gnVYJ.debug.temp.o
LOAD C:\Users\patri\AppData\Local\Temp\ccAgRagn.debug.temp.o
LOAD C:\Users\patri\AppData\Local\Temp\ccBse9F0.debug.temp.o
LOAD C:\Users\patri\AppData\Local\Temp\ccCeKkfE.debug.temp.o
LOAD C:\Users\patri\AppData\Local\Temp\ccVvBT1h.debug.temp.o
LOAD C:\Users\patri\AppData\Local\Temp\cceNssOV.debug.temp.o
LOAD C:\Users\patri\AppData\Local\Temp\ccFIAmwz.debug.temp.o
LOAD C:\Users\patri\AppData\Local\Temp\cc04Tghc.debug.temp.o
LOAD C:\Users\patri\AppData\Local\Temp\cczejxXO.debug.temp.o
LOAD C:\Users\patri\AppData\Local\Temp\ccoQMaRr.debug.temp.o
LOAD C:\Users\patri\AppData\Local\Temp\ccdsgOK4.debug.temp.o
LOAD C:\Users\patri\AppData\Local\Temp\ccKQl4BH.debug.temp.o
LOAD C:\Users\patri\AppData\Local\Temp\ccPCclCk.debug.temp.o
LOAD C:\Users\patri\AppData\Local\Temp\ccaR7YPX.debug.temp.o
LOAD C:\Users\patri\AppData\Local\Temp\ccJS8YYA.debug.temp.o
LOAD C:\Users\patri\AppData\Local\Temp\cc8eNYad.debug.temp.o
LOAD C:\Users\patri\AppData\Local\Temp\ccxBrYmP.debug.temp.o
LOAD C:\Users\patri\AppData\Local\Temp\cck4qGHr.debug.temp.o
LOAD C:\Users\patri\AppData\Local\Temp\ccvPhYZ3.debug.temp.o
LOAD C:\Users\patri\AppData\Local\Temp\ccoL6XvG.debug.temp.o
LOAD C:\Users\patri\AppData\Local\Temp\cchHVX1i.debug.temp.o
LOAD C:\Users\patri\AppData\Local\Temp\ccmnzjtV.debug.temp.o
LOAD C:\Users\patri\AppData\Local\Temp\ccfz2L5x.debug.temp.o
LOAD C:\Users\patri\AppData\Local\Temp\cckvkADa.debug.temp.o
LOAD C:\Users\patri\AppData\Local\Temp\cchPwoeM.debug.temp.o
LOAD C:\Users\patri\AppData\Local\Temp\ccoQgyKn.debug.temp.o
LOAD C:\Users\patri\AppData\Local\Temp\ccNmm5tZ.debug.temp.o
LOAD C:\Users\patri\AppData\Local\Temp\ccoDgY8A.debug.temp.o
LOAD C:\Users\patri\AppData\Local\Temp\ccL6kLWc.debug.temp.o
LOAD C:\Users\patri\AppData\Local\Temp\cc66w1XO.debug.temp.o
LOAD C:\Users\patri\AppData\Local\Temp\ccHX5DUq.debug.temp.o
LOAD C:\Users\patri\AppData\Local\Temp\ccgJ2VL6.debug.temp.o
LOAD C:\Users\patri\AppData\Local\Temp\cclPteMM.debug.temp.o
LOAD C:\Users\patri\AppData\Local\Temp\cc6UTBQs.debug.temp.o
LOAD C:\Users\patri\AppData\Local\Temp\ccJoeZX7.debug.temp.o
LOAD C:\Users\patri\AppData\Local\Temp\ccuwPH0M.debug.temp.o
LOAD C:\Users\patri\AppData\Local\Temp\ccx9LNgs.debug.temp.o
LOAD C:\Users\patri\AppData\Local\Temp\ccmHb4y7.debug.temp.o
LOAD C:\Users\patri\AppData\Local\Temp\ccpydPMM.debug.temp.o
LOAD C:\Users\patri\AppData\Local\Temp\ccMto6ds.debug.temp.o
LOAD C:\Users\patri\AppData\Local\Temp\ccjAAAA7.debug.temp.o
LOAD C:\Users\patri\AppData\Local\Temp\ccaLVAaN.debug.temp.o
LOAD C:\Users\patri\AppData\Local\Temp\cc1VgBKs.debug.temp.o
LOAD C:\Users\patri\AppData\Local\Temp\ccMZXVi7.debug.temp.o
LOAD C:\Users\patri\AppData\Local\Temp\ccx3EgRL.debug.temp.o
LOAD C:\Users\patri\AppData\Local\Temp\ccOpNkyq.debug.temp.o
LOAD C:\Users\patri\AppData\Local\Temp\cc5LVof5.debug.temp.o
LOAD C:\Users\patri\AppData\Local\Temp\ccyopXRJ.debug.temp.o
LOAD C:\Users\patri\AppData\Local\Temp\ccl511Ho.debug.temp.o
LOAD C:\Users\patri\AppData\Local\Temp\cca7S6I3.debug.temp.o
LOAD C:\Users\patri\AppData\Local\Temp\ccZ8JbKI.debug.temp.o
LOAD C:\Users\patri\AppData\Local\Temp\ccgn6wJm.debug.temp.o
LOAD C:\Users\patri\AppData\Local\Temp\cchFqaE0.debug.temp.o
LOAD C:\Users\patri\AppData\Local\Temp\cc6gywME.debug.temp.o
LOAD C:\Users\patri\AppData\Local\Temp\ccDTmaQi.debug.temp.o
LOAD C:\Users\patri\AppData\Local\Temp\ccuAkk7W.debug.temp.o
LOAD C:\Users\patri\AppData\Local\Temp\ccZbrLjB.debug.temp.o
LOAD C:\Users\patri\AppData\Local\Temp\ccC5izFf.debug.temp.o
LOAD C:\Users\patri\AppData\Local\Temp\cc7sM1KX.debug.temp.o
LOAD C:\Users\patri\AppData\Local\Temp\ccMxNPLF.debug.temp.o
LOAD C:\Users\patri\AppData\Local\Temp\ccTOHmVn.debug.temp.o
LOAD C:\Users\patri\AppData\Local\Temp\ccsyDyb6.debug.temp.o
LOAD C:\Users\patri\AppData\Local\Temp\ccxEmiFO.debug.temp.o
LOAD C:\Users\patri\AppData\Local\Temp\ccMV6e4w.debug.temp.o
LOAD C:\Users\patri\AppData\Local\Temp\cclhCfwe.debug.temp.o
LOAD C:\Users\patri\AppData\Local\Temp\ccEG5xTV.debug.temp.o
LOAD C:\Users\patri\AppData\Local\Temp\ccDbdhuD.debug.temp.o
LOAD C:\Users\patri\AppData\Local\Temp\ccoNzi0k.debug.temp.o
LOAD C:\Users\patri\AppData\Local\Temp\ccXIJ2J2.debug.temp.o
LOAD C:\Users\patri\AppData\Local\Temp\ccgIR4oK.debug.temp.o
LOAD C:\Users\patri\AppData\Local\Temp\cc3I4afs.debug.temp.o
LOAD C:\Users\patri\AppData\Local\Temp\ccaMZ378.debug.temp.o
LOAD C:\Users\patri\AppData\Local\Temp\ccxbOrWP.debug.temp.o
LOAD C:\Users\patri\AppData\Local\Temp\cccCulYw.debug.temp.o
LOAD C:\Users\patri\AppData\Local\Temp\cc1dcsVd.debug.temp.o
LOAD C:\Users\patri\AppData\Local\Temp\cc6j1c6U.debug.temp.o
LOAD C:\Users\patri\AppData\Local\Temp\ccX2BocC.debug.temp.o
LOAD C:\Users\patri\AppData\Local\Temp\cc6gyXvj.debug.temp.o
LOAD C:\Users\patri\AppData\Local\Temp\ccpc2RK0.debug.temp.o
LOAD C:\Users\patri\AppData\Local\Temp\ccI9G7XG.debug.temp.o
LOAD C:\Users\patri\AppData\Local\Temp\ccLs1odn.debug.temp.o
LOAD C:\Users\patri\AppData\Local\Temp\ccG9D8F3.debug.temp.o
LOAD C:\Users\patri\AppData\Local\Temp\ccNA5d4J.debug.temp.o
LOAD C:\Users\patri\AppData\Local\Temp\ccgFtYFq.debug.temp.o
LOAD C:\Users\patri\AppData\Local\Temp\ccXwX4c7.debug.temp.o
LOAD C:\Users\patri\AppData\Local\Temp\ccUQvyXN.debug.temp.o
LOAD C:\Users\patri\AppData\Local\Temp\cc3USnDu.debug.temp.o
LOAD C:\Users\patri\AppData\Local\Temp\cc6v8R2e.debug.temp.o
LOAD C:\Users\patri\AppData\Local\Temp\cc96nmsZ.debug.temp.o
LOAD C:\Users\patri\AppData\Local\Temp\ccQCM7MJ.debug.temp.o
LOAD C:\Users\patri\AppData\Local\Temp\ccntcllu.debug.temp.o
LOAD C:\Users\patri\AppData\Local\Temp\cc0MrQ4e.debug.temp.o
LOAD C:\Users\patri\AppData\Local\Temp\ccNNeHJZ.debug.temp.o
LOAD C:\Users\patri\AppData\Local\Temp\ccSjnVBK.debug.temp.o
LOAD C:\Users\patri\AppData\Local\Temp\cc1Xevsu.debug.temp.o
LOAD C:\Users\patri\AppData\Local\Temp\ccMtYlee.debug.temp.o
LOAD C:\Users\patri\AppData\Local\Temp\ccnkJEdY.debug.temp.o
LOAD C:\Users\patri\AppData\Local\Temp\ccSvSx8H.debug.temp.o
LOAD C:\Users\patri\AppData\Local\Temp\cc1JoRgs.debug.temp.o
LOAD C:\Users\patri\AppData\Local\Temp\ccKUtkyc.debug.temp.o
LOAD C:\Users\patri\AppData\Local\Temp\ccJvWaOV.debug.temp.o
LOAD C:\Users\patri\AppData\Local\Temp\ccI6o13E.debug.temp.o
LOAD ./build/obj/hal.o
LOAD ./build/obj/hal_st.o
LOAD ./build/obj/hal_buffered_serial.o
LOAD ./build/obj/hal_buffers.o
LOAD ./build/obj/hal_queues.o
LOAD ./build/obj/hal_flash.o
LOAD ./build/obj/hal_mmcsd.o
LOAD ./build/obj/hal_adc.o
LOAD ./build/obj/hal_gpt.o
LOAD ./build/obj/hal_i2c.o
LOAD ./build/obj/hal_pal.o
LOAD ./build/obj/hal_serial.o
LOAD ./build/obj/nvic.o
LOAD ./build/obj/stm32_isr.o
LOAD ./build/obj/hal_lld.o
LOAD ./build/obj/hal_efl_lld.o
LOAD ./build/obj/hal_adc_lld.o
LOAD ./build/obj/stm32_dma.o
LOAD ./build/obj/stm32_exti.o
LOAD ./build/obj/hal_pal_lld.o
LOAD ./build/obj/hal_i2c_lld.o
LOAD ./build/obj/hal_st_lld.o
LOAD ./build/obj/hal_gpt_lld.o
LOAD ./build/obj/hal_serial_lld.o
LOAD ./build/obj/osal.o
LOAD ./build/obj/chsys.o
LOAD ./build/obj/chrfcu.o
LOAD ./build/obj/chdebug.o
LOAD ./build/obj/chtrace.o
LOAD ./build/obj/chvt.o
LOAD ./build/obj/chschd.o
LOAD ./build/obj/chinstances.o
LOAD ./build/obj/chthreads.o
LOAD ./build/obj/chtm.o
LOAD ./build/obj/chregistry.o
LOAD ./build/obj/chsem.o
LOAD ./build/obj/chmtx.o
LOAD ./build/obj/chcond.o
LOAD ./build/obj/chevents.o
LOAD ./build/obj/chmsg.o
LOAD ./build/obj/chdynamic.o
LOAD ./build/obj/chmboxes.o
LOAD ./build/obj/chmemcore.o
LOAD ./build/obj/chmemheaps.o
LOAD ./build/obj/chmempools.o
LOAD ./build/obj/chpipes.o
LOAD ./build/obj/chobjcaches.o
LOAD ./build/obj/chdelegates.o
LOAD ./build/obj/chfactory.o
LOAD ./build/obj/chcore.o
LOAD ./build/obj/board.o
LOAD ./build/obj/display_u8g2.o
LOAD ./build/obj/utils.o
LOAD ./build/obj/mui.o
LOAD ./build/obj/mui_u8g2.o
LOAD ./build/obj/u8g2_bitmap.o
LOAD ./build/obj/u8g2_box.o
LOAD ./build/obj/u8g2_buffer.o
LOAD ./build/obj/u8g2_button.o
LOAD ./build/obj/u8g2_circle.o
LOAD ./build/obj/u8g2_cleardisplay.o
LOAD ./build/obj/u8g2_d_memory.o
LOAD ./build/obj/u8g2_d_setup.o
LOAD ./build/obj/u8g2_font.o
LOAD ./build/obj/u8g2_fonts.o
LOAD ./build/obj/u8g2_hvline.o
LOAD ./build/obj/u8g2_input_value.o
LOAD ./build/obj/u8g2_intersection.o
LOAD ./build/obj/u8g2_kerning.o
LOAD ./build/obj/u8g2_line.o
LOAD ./build/obj/u8g2_ll_hvline.o
LOAD ./build/obj/u8g2_message.o
LOAD ./build/obj/u8g2_polygon.o
LOAD ./build/obj/u8g2_selection_list.o
LOAD ./build/obj/u8g2_setup.o
LOAD ./build/obj/u8log.o
LOAD ./build/obj/u8log_u8g2.o
LOAD ./build/obj/u8log_u8x8.o
LOAD ./build/obj/u8x8_8x8.o
LOAD ./build/obj/u8x8_byte.o
LOAD ./build/obj/u8x8_cad.o
LOAD ./build/obj/u8x8_capture.o
LOAD ./build/obj/u8x8_d_a2printer.o
LOAD ./build/obj/u8x8_d_gp1247ai.o
LOAD ./build/obj/u8x8_d_gp1287ai.o
LOAD ./build/obj/u8x8_d_gp1294ai.o
LOAD ./build/obj/u8x8_d_gu800.o
LOAD ./build/obj/u8x8_d_hd44102.o
LOAD ./build/obj/u8x8_d_il3820_296x128.o
LOAD ./build/obj/u8x8_d_ist3020.o
LOAD ./build/obj/u8x8_d_ist3088.o
LOAD ./build/obj/u8x8_d_ist7920.o
LOAD ./build/obj/u8x8_d_ks0108.o
LOAD ./build/obj/u8x8_d_lc7981.o
LOAD ./build/obj/u8x8_d_ld7032_60x32.o
LOAD ./build/obj/u8x8_d_ls013b7dh03.o
LOAD ./build/obj/u8x8_d_max7219.o
LOAD ./build/obj/u8x8_d_pcd8544_84x48.o
LOAD ./build/obj/u8x8_d_pcf8812.o
LOAD ./build/obj/u8x8_d_pcf8814_hx1230.o
LOAD ./build/obj/u8x8_d_s1d15300.o
LOAD ./build/obj/u8x8_d_s1d15721.o
LOAD ./build/obj/u8x8_d_s1d15e06.o
LOAD ./build/obj/u8x8_d_sbn1661.o
LOAD ./build/obj/u8x8_d_sed1330.o
LOAD ./build/obj/u8x8_d_sh1106_64x32.o
LOAD ./build/obj/u8x8_d_sh1106_72x40.o
LOAD ./build/obj/u8x8_d_sh1107.o
LOAD ./build/obj/u8x8_d_sh1108.o
LOAD ./build/obj/u8x8_d_sh1122.o
LOAD ./build/obj/u8x8_d_ssd1305.o
LOAD ./build/obj/u8x8_d_ssd1306_128x32.o
LOAD ./build/obj/u8x8_d_ssd1306_128x64_noname.o
LOAD ./build/obj/u8x8_d_ssd1306_2040x16.o
LOAD ./build/obj/u8x8_d_ssd1306_48x64.o
LOAD ./build/obj/u8x8_d_ssd1306_64x32.o
LOAD ./build/obj/u8x8_d_ssd1306_64x48.o
LOAD ./build/obj/u8x8_d_ssd1306_72x40.o
LOAD ./build/obj/u8x8_d_ssd1306_96x16.o
LOAD ./build/obj/u8x8_d_ssd1306_96x40.o
LOAD ./build/obj/u8x8_d_ssd1309.o
LOAD ./build/obj/u8x8_d_ssd1316.o
LOAD ./build/obj/u8x8_d_ssd1317.o
LOAD ./build/obj/u8x8_d_ssd1318.o
LOAD ./build/obj/u8x8_d_ssd1320.o
LOAD ./build/obj/u8x8_d_ssd1322.o
LOAD ./build/obj/u8x8_d_ssd1325.o
LOAD ./build/obj/u8x8_d_ssd1326.o
LOAD ./build/obj/u8x8_d_ssd1327.o
LOAD ./build/obj/u8x8_d_ssd1329.o
LOAD ./build/obj/u8x8_d_ssd1362.o
LOAD ./build/obj/u8x8_d_ssd1606_172x72.o
LOAD ./build/obj/u8x8_d_ssd1607_200x200.o
LOAD ./build/obj/u8x8_d_st7511.o
LOAD ./build/obj/u8x8_d_st75160.o
LOAD ./build/obj/u8x8_d_st75256.o
LOAD ./build/obj/u8x8_d_st7528.o
LOAD ./build/obj/u8x8_d_st75320.o
LOAD ./build/obj/u8x8_d_st7539.o
LOAD ./build/obj/u8x8_d_st7565.o
LOAD ./build/obj/u8x8_d_st7567.o
LOAD ./build/obj/u8x8_d_st7571.o
LOAD ./build/obj/u8x8_d_st7586s_erc240160.o
LOAD ./build/obj/u8x8_d_st7586s_jlx320160.o
LOAD ./build/obj/u8x8_d_st7586s_jlx384160.o
LOAD ./build/obj/u8x8_d_st7586s_s028hn118a.o
LOAD ./build/obj/u8x8_d_st7586s_ymc240160.o
LOAD ./build/obj/u8x8_d_st7588.o
LOAD ./build/obj/u8x8_d_st7920.o
LOAD ./build/obj/u8x8_d_stdio.o
LOAD ./build/obj/u8x8_d_t6963.o
LOAD ./build/obj/u8x8_d_uc1601.o
LOAD ./build/obj/u8x8_d_uc1604.o
LOAD ./build/obj/u8x8_d_uc1608.o
LOAD ./build/obj/u8x8_d_uc1609.o
LOAD ./build/obj/u8x8_d_uc1610.o
LOAD ./build/obj/u8x8_d_uc1611.o
LOAD ./build/obj/u8x8_d_uc1617.o
LOAD ./build/obj/u8x8_d_uc1628.o
LOAD ./build/obj/u8x8_d_uc1638.o
LOAD ./build/obj/u8x8_d_uc1701_dogs102.o
LOAD ./build/obj/u8x8_d_uc1701_mini12864.o
LOAD ./build/obj/u8x8_debounce.o
LOAD ./build/obj/u8x8_display.o
LOAD ./build/obj/u8x8_fonts.o
LOAD ./build/obj/u8x8_gpio.o
LOAD ./build/obj/u8x8_input_value.o
LOAD ./build/obj/u8x8_message.o
LOAD ./build/obj/u8x8_selection_list.o
LOAD ./build/obj/u8x8_setup.o
LOAD ./build/obj/u8x8_string.o
LOAD ./build/obj/u8x8_u16toa.o
LOAD ./build/obj/u8x8_u8toa.o
LOAD ./build/obj/chprintf.o
LOAD ./build/obj/chscanf.o
LOAD ./build/obj/memstreams.o
LOAD ./build/obj/nullstreams.o
LOAD ./build/obj/bufstreams.o
LOAD ./build/obj/main.o

.mstack         0x20000000      0x400
                0x20000000                . = ALIGN (0x8)
                0x20000000                __main_stack_base__ = .
                0x20000400                . = (. + __main_stack_size__)
 *fill*         0x20000000      0x400 
                0x20000400                . = ALIGN (0x8)
                0x20000400                __main_stack_end__ = .

.pstack         0x20000400      0x400
                0x20000400                . = ALIGN (0x8)
                0x20000400                __process_stack_base__ = .
                0x20000400                __main_thread_stack_base__ = .
                0x20000800                . = (. + __process_stack_size__)
 *fill*         0x20000400      0x400 
                0x20000800                . = ALIGN (0x8)
                0x20000800                __process_stack_end__ = .
                0x20000800                __main_thread_stack_end__ = .

.vectors        0x08000000      0x1e0
                0x08000000                __textvectors_base__ = LOADADDR (.vectors)
                0x08000000                __vectors_base__ = .
 *(.vectors)
 .vectors       0x08000000      0x1e0 ./build/obj/vectors.o
                0x08000000                _vectors
                0x080001e0                __vectors_end__ = .

.xtors          0x080001e0        0x0
                0x080001e0                __init_array_base__ = .
 *(SORT_BY_NAME(.init_array.*))
 *(.init_array)
                0x080001e0                __init_array_end__ = .
                0x080001e0                __fini_array_base__ = .
 *(.fini_array)
 *(SORT_BY_NAME(.fini_array.*))
                0x080001e0                __fini_array_end__ = .

.text           0x080001e0     0x44e0
                0x080001e0                __text_base__ = .
 *(.text)
 .text          0x080001e0      0x11c ./build/obj/crt0_v7m.o
                0x080001e0                _crt0_entry
 .text          0x080002fc        0x8 ./build/obj/vectors.o
                0x080002fc                Reset_Handler
                0x080002fe                Vector9C
                0x080002fe                VectorE4
                0x080002fe                Vector184
                0x080002fe                Vector180
                0x080002fe                Vector100
                0x080002fe                VectorEC
                0x080002fe                Vector104
                0x080002fe                Vector148
                0x080002fe                Vector140
                0x080002fe                Vector144
                0x080002fe                Vector188
                0x080002fe                Vector18C
                0x080002fe                Vector1C0
                0x080002fe                VectorB0
                0x080002fe                VectorB4
                0x080002fe                VectorF0
                0x080002fe                SysTick_Handler
                0x080002fe                Vector44
                0x080002fe                Vector40
                0x080002fe                Vector48
                0x080002fe                Vector1C8
                0x080002fe                Vector1CC
                0x080002fe                Vector1C4
                0x080002fe                Vector13C
                0x080002fe                Vector17C
                0x080002fe                Vector4C
                0x080002fe                VectorF8
                0x080002fe                SecureFault_Handler
                0x080002fe                VectorF4
                0x080002fe                VectorB8
                0x080002fe                Vector170
                0x080002fe                Vector174
                0x080002fe                Vector178
                0x080002fe                Vector134
                0x080002fe                Vector138
                0x080002fe                VectorE8
                0x080002fe                Vector1B0
                0x080002fe                VectorC0
                0x080002fe                Vector54
                0x080002fe                Vector50
                0x080002fe                Vector58
                0x080002fe                Vector1BC
                0x080002fe                Vector1B8
                0x080002fe                Vector1B4
                0x080002fe                HardFault_Handler
                0x080002fe                Vector5C
                0x080002fe                VectorCC
                0x080002fe                Vector160
                0x080002fe                BusFault_Handler
                0x080002fe                Vector164
                0x080002fe                Vector168
                0x080002fe                Vector16C
                0x080002fe                Vector1A8
                0x080002fe                DebugMon_Handler
                0x080002fe                Vector1A0
                0x080002fe                VectorD0
                0x080002fe                VectorAC
                0x080002fe                Vector20
                0x080002fe                Vector64
                0x080002fe                Vector60
                0x080002fe                Vector24
                0x080002fe                Vector68
                0x080002fe                Vector28
                0x080002fe                Vector1AC
                0x080002fe                Vector1A4
                0x080002fe                Vector15C
                0x080002fe                Vector11C
                0x080002fe                Vector8C
                0x080002fe                VectorD4
                0x080002fe                NMI_Handler
                0x080002fe                Vector190
                0x080002fe                VectorDC
                0x080002fe                Vector194
                0x080002fe                Vector198
                0x080002fe                Vector110
                0x080002fe                Vector118
                0x080002fe                Vector19C
                0x080002fe                Vector114
                0x080002fe                VectorA0
                0x080002fe                Vector98
                0x080002fe                VectorE0
                0x080002fe                VectorA4
                0x080002fe                PendSV_Handler
                0x080002fe                Vector34
                0x080002fe                UsageFault_Handler
                0x080002fe                VectorBC
                0x080002fe                Vector14C
                0x080002fe                Vector94
                0x080002fe                Vector90
                0x080002fe                Vector1DC
                0x080002fe                MemManage_Handler
                0x080002fe                Vector1D8
                0x080002fe                Vector1D4
                0x080002fe                Vector1D0
                0x080002fe                Vector10C
                0x08000302                _unhandled_exception
 .text          0x08000304       0x3e ./build/obj/chcoreasm.o
                0x08000304                __port_switch
                0x0800031c                __port_thread_start
                0x08000332                __port_switch_from_isr
                0x0800033e                __port_exit_from_isr
 *fill*         0x08000342        0x2 
 .text          0x08000344      0x134 c:/chibistudio/tools/gnu tools arm embedded/11.3 2022.08/bin/../lib/gcc/arm-none-eabi/11.3.1/thumb/v7e-m+fp/hard\libg.a(libc_a-memcpy.o)
                0x08000344                memcpy
 .text          0x08000478      0x254 c:/chibistudio/tools/gnu tools arm embedded/11.3 2022.08/bin/../lib/gcc/arm-none-eabi/11.3.1/thumb/v7e-m+fp/hard\libgcc.a(_arm_muldf3.o)
                0x08000478                __muldf3
                0x08000478                __aeabi_dmul
 .text          0x080006cc      0x378 c:/chibistudio/tools/gnu tools arm embedded/11.3 2022.08/bin/../lib/gcc/arm-none-eabi/11.3.1/thumb/v7e-m+fp/hard\libgcc.a(_arm_addsubdf3.o)
                0x080006cc                __aeabi_drsub
                0x080006d4                __subdf3
                0x080006d4                __aeabi_dsub
                0x080006d8                __aeabi_dadd
                0x080006d8                __adddf3
                0x08000950                __floatunsidf
                0x08000950                __aeabi_ui2d
                0x08000970                __aeabi_i2d
                0x08000970                __floatsidf
                0x08000994                __extendsfdf2
                0x08000994                __aeabi_f2d
                0x080009d8                __floatundidf
                0x080009d8                __aeabi_ul2d
                0x080009e8                __aeabi_l2d
                0x080009e8                __floatdidf
 .text          0x08000a44       0x50 c:/chibistudio/tools/gnu tools arm embedded/11.3 2022.08/bin/../lib/gcc/arm-none-eabi/11.3.1/thumb/v7e-m+fp/hard\libgcc.a(_arm_fixdfsi.o)
                0x08000a44                __fixdfsi
                0x08000a44                __aeabi_d2iz
 .text          0x08000a94       0xa0 c:/chibistudio/tools/gnu tools arm embedded/11.3 2022.08/bin/../lib/gcc/arm-none-eabi/11.3.1/thumb/v7e-m+fp/hard\libgcc.a(_arm_truncdfsf2.o)
                0x08000a94                __truncdfsf2
                0x08000a94                __aeabi_d2f
 .text          0x08000b34       0x30 c:/chibistudio/tools/gnu tools arm embedded/11.3 2022.08/bin/../lib/gcc/arm-none-eabi/11.3.1/thumb/v7e-m+fp/hard\libgcc.a(_aeabi_uldivmod.o)
                0x08000b34                __aeabi_uldivmod
 .text          0x08000b64        0x4 c:/chibistudio/tools/gnu tools arm embedded/11.3 2022.08/bin/../lib/gcc/arm-none-eabi/11.3.1/thumb/v7e-m+fp/hard\libgcc.a(_dvmd_tls.o)
                0x08000b64                __aeabi_idiv0
                0x08000b64                __aeabi_ldiv0
 .text          0x08000b68       0x40 c:/chibistudio/tools/gnu tools arm embedded/11.3 2022.08/bin/../lib/gcc/arm-none-eabi/11.3.1/thumb/v7e-m+fp/hard\libgcc.a(_arm_fixunsdfsi.o)
                0x08000b68                __fixunsdfsi
                0x08000b68                __aeabi_d2uiz
 *(.text.*)
 *fill*         0x08000ba8        0x8 
 .text.notify2  0x08000bb0       0x10 C:\Users\patri\AppData\Local\Temp\ccXUclNl.ltrans0.ltrans.o
 .text.chSysHalt
                0x08000bc0       0x18 C:\Users\patri\AppData\Local\Temp\ccXUclNl.ltrans0.ltrans.o
 *fill*         0x08000bd8        0x8 
 .text.__idle_thread
                0x08000be0        0x4 C:\Users\patri\AppData\Local\Temp\ccXUclNl.ltrans0.ltrans.o
 *fill*         0x08000be4        0xc 
 .text.chTMStartMeasurementX
                0x08000bf0        0xc C:\Users\patri\AppData\Local\Temp\ccXUclNl.ltrans0.ltrans.o
 *fill*         0x08000bfc        0x4 
 .text.chTMStopMeasurementX
                0x08000c00       0x44 C:\Users\patri\AppData\Local\Temp\ccXUclNl.ltrans0.ltrans.o
 *fill*         0x08000c44        0xc 
 .text.adc_lld_start_conversion.constprop.0
                0x08000c50       0x9c C:\Users\patri\AppData\Local\Temp\ccXUclNl.ltrans0.ltrans.o
 *fill*         0x08000cec        0x4 
 .text.adc_lld_stop_conversion.isra.0
                0x08000cf0       0x30 C:\Users\patri\AppData\Local\Temp\ccXUclNl.ltrans0.ltrans.o
 .text._ctl     0x08000d20       0x20 C:\Users\patri\AppData\Local\Temp\ccXUclNl.ltrans0.ltrans.o
 .text.__sch_wakeup
                0x08000d40       0x9c C:\Users\patri\AppData\Local\Temp\ccXUclNl.ltrans0.ltrans.o
 *fill*         0x08000ddc        0x4 
 .text.chCoreAllocFromTop
                0x08000de0       0x74 C:\Users\patri\AppData\Local\Temp\ccXUclNl.ltrans0.ltrans.o
 *fill*         0x08000e54        0xc 
 .text.chCoreAllocAlignedI
                0x08000e60       0x54 C:\Users\patri\AppData\Local\Temp\ccXUclNl.ltrans0.ltrans.o
 *fill*         0x08000eb4        0xc 
 .text.chEvtBroadcastFlagsI.constprop.0
                0x08000ec0       0xac C:\Users\patri\AppData\Local\Temp\ccXUclNl.ltrans0.ltrans.o
 *fill*         0x08000f6c        0x4 
 .text.vt_insert_first.constprop.0
                0x08000f70       0x64 C:\Users\patri\AppData\Local\Temp\ccXUclNl.ltrans0.ltrans.o
 *fill*         0x08000fd4        0xc 
 .text.chSchReadyI.isra.0
                0x08000fe0       0x4c C:\Users\patri\AppData\Local\Temp\ccXUclNl.ltrans0.ltrans.o
 *fill*         0x0800102c        0x4 
 .text.adc_lld_serve_rx_interrupt
                0x08001030      0x124 C:\Users\patri\AppData\Local\Temp\ccXUclNl.ltrans0.ltrans.o
 *fill*         0x08001154        0xc 
 .text.chSchGoSleepS
                0x08001160       0x58 C:\Users\patri\AppData\Local\Temp\ccXUclNl.ltrans0.ltrans.o
 *fill*         0x080011b8        0x8 
 .text.chSchGoSleepTimeoutS
                0x080011c0      0x1a0 C:\Users\patri\AppData\Local\Temp\ccXUclNl.ltrans0.ltrans.o
 .text.iqReadTimeout
                0x08001360      0x138 C:\Users\patri\AppData\Local\Temp\ccXUclNl.ltrans0.ltrans.o
 *fill*         0x08001498        0x8 
 .text._read    0x080014a0        0xc C:\Users\patri\AppData\Local\Temp\ccXUclNl.ltrans0.ltrans.o
 *fill*         0x080014ac        0x4 
 .text._readt   0x080014b0        0x8 C:\Users\patri\AppData\Local\Temp\ccXUclNl.ltrans0.ltrans.o
 *fill*         0x080014b8        0x8 
 .text.iqGetTimeout
                0x080014c0       0xb0 C:\Users\patri\AppData\Local\Temp\ccXUclNl.ltrans0.ltrans.o
 .text._get     0x08001570        0xc C:\Users\patri\AppData\Local\Temp\ccXUclNl.ltrans0.ltrans.o
 *fill*         0x0800157c        0x4 
 .text._gett    0x08001580        0x8 C:\Users\patri\AppData\Local\Temp\ccXUclNl.ltrans0.ltrans.o
 *fill*         0x08001588        0x8 
 .text.oqPutTimeout
                0x08001590       0xb0 C:\Users\patri\AppData\Local\Temp\ccXUclNl.ltrans0.ltrans.o
 .text._put     0x08001640        0xc C:\Users\patri\AppData\Local\Temp\ccXUclNl.ltrans0.ltrans.o
 *fill*         0x0800164c        0x4 
 .text._putt    0x08001650        0x8 C:\Users\patri\AppData\Local\Temp\ccXUclNl.ltrans0.ltrans.o
 *fill*         0x08001658        0x8 
 .text.oqWriteTimeout
                0x08001660      0x12c C:\Users\patri\AppData\Local\Temp\ccXUclNl.ltrans0.ltrans.o
 *fill*         0x0800178c        0x4 
 .text._write   0x08001790        0xc C:\Users\patri\AppData\Local\Temp\ccXUclNl.ltrans0.ltrans.o
 *fill*         0x0800179c        0x4 
 .text._writet  0x080017a0        0x8 C:\Users\patri\AppData\Local\Temp\ccXUclNl.ltrans0.ltrans.o
 *fill*         0x080017a8        0x8 
 .text.Thread1  0x080017b0      0x22c C:\Users\patri\AppData\Local\Temp\ccXUclNl.ltrans0.ltrans.o
 *fill*         0x080019dc        0x4 
 .text.__port_irq_epilogue.part.0
                0x080019e0       0x48 C:\Users\patri\AppData\Local\Temp\ccXUclNl.ltrans0.ltrans.o
 *fill*         0x08001a28        0x8 
 .text.chprintf
                0x08001a30      0x5c4 C:\Users\patri\AppData\Local\Temp\ccXUclNl.ltrans0.ltrans.o
 *fill*         0x08001ff4        0xc 
 .text.get_temp_internal.isra.0
                0x08002000      0x314 C:\Users\patri\AppData\Local\Temp\ccXUclNl.ltrans0.ltrans.o
 *fill*         0x08002314        0xc 
 .text.__cpu_init
                0x08002320        0x4 C:\Users\patri\AppData\Local\Temp\ccXUclNl.ltrans0.ltrans.o
                0x08002320                __cpu_init
 *fill*         0x08002324        0xc 
 .text.__late_init
                0x08002330        0x4 C:\Users\patri\AppData\Local\Temp\ccXUclNl.ltrans0.ltrans.o
                0x08002330                __late_init
 *fill*         0x08002334        0xc 
 .text.__default_exit
                0x08002340        0x4 C:\Users\patri\AppData\Local\Temp\ccXUclNl.ltrans0.ltrans.o
                0x08002340                __default_exit
 *fill*         0x08002344        0xc 
 .text.__init_ram_areas
                0x08002350       0x6c C:\Users\patri\AppData\Local\Temp\ccXUclNl.ltrans0.ltrans.o
                0x08002350                __init_ram_areas
 *fill*         0x080023bc        0x4 
 .text.__dbg_check_unlock
                0x080023c0       0x28 C:\Users\patri\AppData\Local\Temp\ccXUclNl.ltrans0.ltrans.o
                0x080023c0                __dbg_check_unlock
 *fill*         0x080023e8        0x8 
 .text.__dbg_check_lock
                0x080023f0       0x24 C:\Users\patri\AppData\Local\Temp\ccXUclNl.ltrans0.ltrans.o
                0x080023f0                __dbg_check_lock
 *fill*         0x08002414        0xc 
 .text.ThdSerial
                0x08002420      0x1ac C:\Users\patri\AppData\Local\Temp\ccXUclNl.ltrans0.ltrans.o
 *fill*         0x080025cc        0x4 
 .text.chThdCreateStatic.constprop.0.isra.0
                0x080025d0       0xfc C:\Users\patri\AppData\Local\Temp\ccXUclNl.ltrans0.ltrans.o
 *fill*         0x080026cc        0x4 
 .text.VectorD8
                0x080026d0      0x34c C:\Users\patri\AppData\Local\Temp\ccXUclNl.ltrans0.ltrans.o
                0x080026d0                VectorD8
 *fill*         0x08002a1c        0x4 
 .text.VectorA8
                0x08002a20       0xb8 C:\Users\patri\AppData\Local\Temp\ccXUclNl.ltrans0.ltrans.o
                0x08002a20                VectorA8
 *fill*         0x08002ad8        0x8 
 .text.Vector108
                0x08002ae0      0x1e8 C:\Users\patri\AppData\Local\Temp\ccXUclNl.ltrans0.ltrans.o
                0x08002ae0                Vector108
 *fill*         0x08002cc8        0x8 
 .text.Vector88
                0x08002cd0      0x130 C:\Users\patri\AppData\Local\Temp\ccXUclNl.ltrans0.ltrans.o
                0x08002cd0                Vector88
 .text.Vector6C
                0x08002e00       0x94 C:\Users\patri\AppData\Local\Temp\ccXUclNl.ltrans0.ltrans.o
                0x08002e00                Vector6C
 *fill*         0x08002e94        0xc 
 .text.Vector70
                0x08002ea0       0x98 C:\Users\patri\AppData\Local\Temp\ccXUclNl.ltrans0.ltrans.o
                0x08002ea0                Vector70
 *fill*         0x08002f38        0x8 
 .text.Vector74
                0x08002f40       0x98 C:\Users\patri\AppData\Local\Temp\ccXUclNl.ltrans0.ltrans.o
                0x08002f40                Vector74
 *fill*         0x08002fd8        0x8 
 .text.Vector78
                0x08002fe0       0x98 C:\Users\patri\AppData\Local\Temp\ccXUclNl.ltrans0.ltrans.o
                0x08002fe0                Vector78
 *fill*         0x08003078        0x8 
 .text.Vector7C
                0x08003080       0x94 C:\Users\patri\AppData\Local\Temp\ccXUclNl.ltrans0.ltrans.o
                0x08003080                Vector7C
 *fill*         0x08003114        0xc 
 .text.Vector80
                0x08003120       0x98 C:\Users\patri\AppData\Local\Temp\ccXUclNl.ltrans0.ltrans.o
                0x08003120                Vector80
 *fill*         0x080031b8        0x8 
 .text.Vector84
                0x080031c0       0x98 C:\Users\patri\AppData\Local\Temp\ccXUclNl.ltrans0.ltrans.o
                0x080031c0                Vector84
 *fill*         0x08003258        0x8 
 .text.VectorFC
                0x08003260       0x98 C:\Users\patri\AppData\Local\Temp\ccXUclNl.ltrans0.ltrans.o
                0x08003260                VectorFC
 *fill*         0x080032f8        0x8 
 .text.Vector120
                0x08003300       0x94 C:\Users\patri\AppData\Local\Temp\ccXUclNl.ltrans0.ltrans.o
                0x08003300                Vector120
 *fill*         0x08003394        0xc 
 .text.Vector124
                0x080033a0       0x98 C:\Users\patri\AppData\Local\Temp\ccXUclNl.ltrans0.ltrans.o
                0x080033a0                Vector124
 *fill*         0x08003438        0x8 
 .text.Vector128
                0x08003440       0x98 C:\Users\patri\AppData\Local\Temp\ccXUclNl.ltrans0.ltrans.o
                0x08003440                Vector128
 *fill*         0x080034d8        0x8 
 .text.Vector12C
                0x080034e0       0x98 C:\Users\patri\AppData\Local\Temp\ccXUclNl.ltrans0.ltrans.o
                0x080034e0                Vector12C
 *fill*         0x08003578        0x8 
 .text.Vector130
                0x08003580       0x94 C:\Users\patri\AppData\Local\Temp\ccXUclNl.ltrans0.ltrans.o
                0x08003580                Vector130
 *fill*         0x08003614        0xc 
 .text.Vector150
                0x08003620       0x98 C:\Users\patri\AppData\Local\Temp\ccXUclNl.ltrans0.ltrans.o
                0x08003620                Vector150
 *fill*         0x080036b8        0x8 
 .text.Vector154
                0x080036c0       0x98 C:\Users\patri\AppData\Local\Temp\ccXUclNl.ltrans0.ltrans.o
                0x080036c0                Vector154
 *fill*         0x08003758        0x8 
 .text.Vector158
                0x08003760       0x9c C:\Users\patri\AppData\Local\Temp\ccXUclNl.ltrans0.ltrans.o
                0x08003760                Vector158
 *fill*         0x080037fc        0x4 
 .text.VectorC4
                0x08003800      0x224 C:\Users\patri\AppData\Local\Temp\ccXUclNl.ltrans0.ltrans.o
                0x08003800                VectorC4
 *fill*         0x08003a24        0xc 
 .text.VectorC8
                0x08003a30      0x188 C:\Users\patri\AppData\Local\Temp\ccXUclNl.ltrans0.ltrans.o
                0x08003a30                VectorC8
 *fill*         0x08003bb8        0x8 
 .text.chSchDoPreemption
                0x08003bc0       0x54 C:\Users\patri\AppData\Local\Temp\ccXUclNl.ltrans0.ltrans.o
                0x08003bc0                chSchDoPreemption
 *fill*         0x08003c14        0xc 
 .text.chThdExit
                0x08003c20       0x7c C:\Users\patri\AppData\Local\Temp\ccXUclNl.ltrans0.ltrans.o
                0x08003c20                chThdExit
 *fill*         0x08003c9c        0x4 
 .text.SVC_Handler
                0x08003ca0       0x20 C:\Users\patri\AppData\Local\Temp\ccXUclNl.ltrans0.ltrans.o
                0x08003ca0                SVC_Handler
 .text.__early_init
                0x08003cc0      0x194 C:\Users\patri\AppData\Local\Temp\ccXUclNl.ltrans0.ltrans.o
                0x08003cc0                __early_init
 *fill*         0x08003e54        0xc 
 .text.startup.main
                0x08003e60      0x4b4 C:\Users\patri\AppData\Local\Temp\ccXUclNl.ltrans0.ltrans.o
                0x08003e60                main
 .text.memset   0x08004314       0xa4 c:/chibistudio/tools/gnu tools arm embedded/11.3 2022.08/bin/../lib/gcc/arm-none-eabi/11.3.1/thumb/v7e-m+fp/hard\libg.a(libc_a-memset.o)
                0x08004314                memset
 .text.__fixunssfdi
                0x080043b8       0x40 c:/chibistudio/tools/gnu tools arm embedded/11.3 2022.08/bin/../lib/gcc/arm-none-eabi/11.3.1/thumb/v7e-m+fp/hard\libgcc.a(_fixunssfdi.o)
                0x080043b8                __aeabi_f2ulz
                0x080043b8                __fixunssfdi
 .text.__udivmoddi4
                0x080043f8      0x2c8 c:/chibistudio/tools/gnu tools arm embedded/11.3 2022.08/bin/../lib/gcc/arm-none-eabi/11.3.1/thumb/v7e-m+fp/hard\libgcc.a(_udivmoddi4.o)
                0x080043f8                __udivmoddi4
 *(.glue_7t)
 .glue_7t       0x080046c0        0x0 linker stubs
 *(.glue_7)
 .glue_7        0x080046c0        0x0 linker stubs
 *(.gcc*)
                0x080046c0                __text_end__ = .

.vfp11_veneer   0x080046c0        0x0
 .vfp11_veneer  0x080046c0        0x0 linker stubs

.v4_bx          0x080046c0        0x0
 .v4_bx         0x080046c0        0x0 linker stubs

.iplt           0x080046c0        0x0
 .iplt          0x080046c0        0x0 ./build/obj/crt0_v7m.o

.rodata         0x080046c0      0x35c
                0x080046c0                __rodata_base__ = .
 *(.rodata)
 *(.rodata.*)
 .rodata.__sch_wakeup.str1.4
                0x080046c0        0x5 C:\Users\patri\AppData\Local\Temp\ccXUclNl.ltrans0.ltrans.o
 *fill*         0x080046c5        0x3 
 .rodata.chCoreAllocFromTop.str1.4
                0x080046c8        0x5 C:\Users\patri\AppData\Local\Temp\ccXUclNl.ltrans0.ltrans.o
 *fill*         0x080046cd        0x3 
 .rodata.chCoreAllocAlignedI.str1.4
                0x080046d0        0x6 C:\Users\patri\AppData\Local\Temp\ccXUclNl.ltrans0.ltrans.o
 *fill*         0x080046d6        0x2 
 .rodata.adc_lld_serve_rx_interrupt.str1.4
                0x080046d8        0x5 C:\Users\patri\AppData\Local\Temp\ccXUclNl.ltrans0.ltrans.o
 *fill*         0x080046dd        0x3 
 .rodata.chSchGoSleepS.str1.4
                0x080046e0       0x17 C:\Users\patri\AppData\Local\Temp\ccXUclNl.ltrans0.ltrans.o
 *fill*         0x080046f7        0x1 
 .rodata.iqReadTimeout.str1.4
                0x080046f8        0x5 C:\Users\patri\AppData\Local\Temp\ccXUclNl.ltrans0.ltrans.o
 *fill*         0x080046fd        0x3 
 .rodata.Thread1.str1.4
                0x08004700        0x8 C:\Users\patri\AppData\Local\Temp\ccXUclNl.ltrans0.ltrans.o
 .rodata.chprintf.str1.4
                0x08004708        0x7 C:\Users\patri\AppData\Local\Temp\ccXUclNl.ltrans0.ltrans.o
 *fill*         0x0800470f        0x1 
 .rodata.get_temp_internal.isra.0.str1.4
                0x08004710       0x3b C:\Users\patri\AppData\Local\Temp\ccXUclNl.ltrans0.ltrans.o
 *fill*         0x0800474b        0x1 
 .rodata.ThdSerial.str1.4
                0x0800474c       0x41 C:\Users\patri\AppData\Local\Temp\ccXUclNl.ltrans0.ltrans.o
 *fill*         0x0800478d        0x3 
 .rodata.chThdCreateStatic.constprop.0.isra.0.str1.4
                0x08004790        0x7 C:\Users\patri\AppData\Local\Temp\ccXUclNl.ltrans0.ltrans.o
 *fill*         0x08004797        0x1 
 .rodata.VectorD8.str1.4
                0x08004798        0xd C:\Users\patri\AppData\Local\Temp\ccXUclNl.ltrans0.ltrans.o
 *fill*         0x080047a5        0x3 
 .rodata.main.str1.4
                0x080047a8        0x5 C:\Users\patri\AppData\Local\Temp\ccXUclNl.ltrans0.ltrans.o
 *fill*         0x080047ad        0x3 
 .rodata.str1.4
                0x080047b0        0x3 C:\Users\patri\AppData\Local\Temp\ccXUclNl.ltrans0.ltrans.o
 *fill*         0x080047b3        0x1 
 .rodata.__func__.0.lto_priv.0
                0x080047b4        0xf C:\Users\patri\AppData\Local\Temp\ccXUclNl.ltrans0.ltrans.o
 *fill*         0x080047c3        0x1 
 .rodata.__func__.0.lto_priv.2
                0x080047c4        0xc C:\Users\patri\AppData\Local\Temp\ccXUclNl.ltrans0.ltrans.o
 .rodata.__func__.0.lto_priv.3
                0x080047d0        0xc C:\Users\patri\AppData\Local\Temp\ccXUclNl.ltrans0.ltrans.o
 .rodata.__func__.0.lto_priv.4
                0x080047dc       0x14 C:\Users\patri\AppData\Local\Temp\ccXUclNl.ltrans0.ltrans.o
 .rodata.__func__.2.lto_priv.0
                0x080047f0        0xe C:\Users\patri\AppData\Local\Temp\ccXUclNl.ltrans0.ltrans.o
 *fill*         0x080047fe        0x2 
 .rodata.__func__.2.lto_priv.1
                0x08004800        0xb C:\Users\patri\AppData\Local\Temp\ccXUclNl.ltrans0.ltrans.o
 *fill*         0x0800480b        0x1 
 .rodata.__func__.3.lto_priv.3
                0x0800480c        0xd C:\Users\patri\AppData\Local\Temp\ccXUclNl.ltrans0.ltrans.o
 *fill*         0x08004819        0x3 
 .rodata.__func__.4.lto_priv.1
                0x0800481c        0x5 C:\Users\patri\AppData\Local\Temp\ccXUclNl.ltrans0.ltrans.o
 *fill*         0x08004821        0x3 
 .rodata._stm32_dma_streams
                0x08004824       0xc0 C:\Users\patri\AppData\Local\Temp\ccXUclNl.ltrans0.ltrans.o
 .rodata.adc_conv_grp_temp
                0x080048e4       0x2c C:\Users\patri\AppData\Local\Temp\ccXUclNl.ltrans0.ltrans.o
 .rodata.ch_core0_cfg
                0x08004910       0x14 C:\Users\patri\AppData\Local\Temp\ccXUclNl.ltrans0.ltrans.o
 .rodata.ch_debug
                0x08004924       0x2c C:\Users\patri\AppData\Local\Temp\ccXUclNl.ltrans0.ltrans.o
 .rodata.pow10  0x08004950       0x24 C:\Users\patri\AppData\Local\Temp\ccXUclNl.ltrans0.ltrans.o
 .rodata.ram_areas
                0x08004974       0x80 C:\Users\patri\AppData\Local\Temp\ccXUclNl.ltrans0.ltrans.o
 .rodata.vmt    0x080049f4       0x28 C:\Users\patri\AppData\Local\Temp\ccXUclNl.ltrans0.ltrans.o
                0x08004a1c                . = ALIGN (0x4)
                0x08004a1c                __rodata_end__ = .

.ARM.extab
 *(.ARM.extab* .gnu.linkonce.armextab.*)

.ARM.exidx      0x08004a1c        0x8
                0x08004a1c                __exidx_base__ = .
                0x08004a1c                __exidx_start = .
 *(.ARM.exidx* .gnu.linkonce.armexidx.*)
 .ARM.exidx.text.__udivmoddi4
                0x08004a1c        0x8 c:/chibistudio/tools/gnu tools arm embedded/11.3 2022.08/bin/../lib/gcc/arm-none-eabi/11.3.1/thumb/v7e-m+fp/hard\libgcc.a(_udivmoddi4.o)
                0x08004a24                __exidx_end__ = .
                0x08004a24                __exidx_end = .

.rel.dyn        0x08004a24        0x0
 .rel.iplt      0x08004a24        0x0 ./build/obj/crt0_v7m.o

.eh_frame_hdr
 *(.eh_frame_hdr)

.eh_frame
 *(.eh_frame)

.data           0x20000800        0x0 load address 0x08004a24
                [!provide]                PROVIDE (_textdata = LOADADDR (.data))
                [!provide]                PROVIDE (_data = .)
                0x08004a24                __textdata_base__ = LOADADDR (.data)
                0x20000800                __data_base__ = .
 *(.data)
 *(.data.*)
 *(.ramtext)
                0x20000800                . = ALIGN (0x4)
                [!provide]                PROVIDE (_edata = .)
                0x20000800                __data_end__ = .

.igot.plt       0x20000800        0x0 load address 0x08004a24
 .igot.plt      0x20000800        0x0 ./build/obj/crt0_v7m.o

.bss            0x20000800     0x1070 load address 0x08004a24
                0x20000800                __bss_base__ = .
 *(.bss)
 *(.bss.*)
 .bss.ADCD1     0x20000800       0x34 C:\Users\patri\AppData\Local\Temp\ccXUclNl.ltrans0.ltrans.o
 .bss.GPTD11    0x20000834       0x10 C:\Users\patri\AppData\Local\Temp\ccXUclNl.ltrans0.ltrans.o
 .bss.I2CD2     0x20000844       0x38 C:\Users\patri\AppData\Local\Temp\ccXUclNl.ltrans0.ltrans.o
 .bss.SD2       0x2000087c       0x80 C:\Users\patri\AppData\Local\Temp\ccXUclNl.ltrans0.ltrans.o
 .bss.adc_buf   0x200008fc       0x14 C:\Users\patri\AppData\Local\Temp\ccXUclNl.ltrans0.ltrans.o
 .bss.ch0       0x20000910       0x90 C:\Users\patri\AppData\Local\Temp\ccXUclNl.ltrans0.ltrans.o
 .bss.ch_c0_idle_thread_wa
                0x200009a0      0x200 C:\Users\patri\AppData\Local\Temp\ccXUclNl.ltrans0.ltrans.o
 .bss.ch_factory
                0x20000ba0       0x48 C:\Users\patri\AppData\Local\Temp\ccXUclNl.ltrans0.ltrans.o
 .bss.ch_memcore
                0x20000be8        0x8 C:\Users\patri\AppData\Local\Temp\ccXUclNl.ltrans0.ltrans.o
 .bss.ch_system
                0x20000bf0        0xc C:\Users\patri\AppData\Local\Temp\ccXUclNl.ltrans0.ltrans.o
 .bss.default_heap
                0x20000bfc       0x1c C:\Users\patri\AppData\Local\Temp\ccXUclNl.ltrans0.ltrans.o
 .bss.dma       0x20000c18       0x84 C:\Users\patri\AppData\Local\Temp\ccXUclNl.ltrans0.ltrans.o
 *fill*         0x20000c9c        0x4 
 .bss.waThdSerial
                0x20000ca0      0x990 C:\Users\patri\AppData\Local\Temp\ccXUclNl.ltrans0.ltrans.o
 .bss.waThread1
                0x20001630      0x240 C:\Users\patri\AppData\Local\Temp\ccXUclNl.ltrans0.ltrans.o
 *(COMMON)
                0x20001870                . = ALIGN (0x4)
                0x20001870                __bss_end__ = .
                [!provide]                PROVIDE (end = .)
                0x20000000                __ram0_base__ = ORIGIN (ram0)
                0x00008000                __ram0_size__ = LENGTH (ram0)
                0x20008000                __ram0_end__ = (__ram0_base__ + __ram0_size__)
                0x00000000                __ram1_base__ = ORIGIN (ram1)
                0x00000000                __ram1_size__ = LENGTH (ram1)
                0x00000000                __ram1_end__ = (__ram1_base__ + __ram1_size__)
                0x00000000                __ram2_base__ = ORIGIN (ram2)
                0x00000000                __ram2_size__ = LENGTH (ram2)
                0x00000000                __ram2_end__ = (__ram2_base__ + __ram2_size__)
                0x00000000                __ram3_base__ = ORIGIN (ram3)
                0x00000000                __ram3_size__ = LENGTH (ram3)
                0x00000000                __ram3_end__ = (__ram3_base__ + __ram3_size__)
                0x00000000                __ram4_base__ = ORIGIN (ram4)
                0x00000000                __ram4_size__ = LENGTH (ram4)
                0x00000000                __ram4_end__ = (__ram4_base__ + __ram4_size__)
                0x00000000                __ram5_base__ = ORIGIN (ram5)
                0x00000000                __ram5_size__ = LENGTH (ram5)
                0x00000000                __ram5_end__ = (__ram5_base__ + __ram5_size__)
                0x00000000                __ram6_base__ = ORIGIN (ram6)
                0x00000000                __ram6_size__ = LENGTH (ram6)
                0x00000000                __ram6_end__ = (__ram6_base__ + __ram6_size__)
                0x00000000                __ram7_base__ = ORIGIN (ram7)
                0x00000000                __ram7_size__ = LENGTH (ram7)
                0x00000000                __ram7_end__ = (__ram7_base__ + __ram7_size__)
                0x08000000                __flash0_base__ = ORIGIN (flash0)
                0x00020000                __flash0_size__ = LENGTH (flash0)
                0x08020000                __flash0_end__ = (__flash0_base__ + __flash0_size__)
                0x00000000                __flash1_base__ = ORIGIN (flash1)
                0x00000000                __flash1_size__ = LENGTH (flash1)
                0x00000000                __flash1_end__ = (__flash1_base__ + __flash1_size__)
                0x00000000                __flash2_base__ = ORIGIN (flash2)
                0x00000000                __flash2_size__ = LENGTH (flash2)
                0x00000000                __flash2_end__ = (__flash2_base__ + __flash2_size__)
                0x00000000                __flash3_base__ = ORIGIN (flash3)
                0x00000000                __flash3_size__ = LENGTH (flash3)
                0x00000000                __flash3_end__ = (__flash3_base__ + __flash3_size__)
                0x00000000                __flash4_base__ = ORIGIN (flash4)
                0x00000000                __flash4_size__ = LENGTH (flash4)
                0x00000000                __flash4_end__ = (__flash4_base__ + __flash4_size__)
                0x00000000                __flash5_base__ = ORIGIN (flash5)
                0x00000000                __flash5_size__ = LENGTH (flash5)
                0x00000000                __flash5_end__ = (__flash5_base__ + __flash5_size__)
                0x00000000                __flash6_base__ = ORIGIN (flash6)
                0x00000000                __flash6_size__ = LENGTH (flash6)
                0x00000000                __flash6_end__ = (__flash6_base__ + __flash6_size__)
                0x00000000                __flash7_base__ = ORIGIN (flash7)
                0x00000000                __flash7_size__ = LENGTH (flash7)
                0x00000000                __flash7_end__ = (__flash7_base__ + __flash7_size__)

.ram0_init      0x20001870        0x0 load address 0x08004a24
                0x08004a24                __ram0_init_text__ = LOADADDR (.ram0_init)
                0x20001870                __ram0_init__ = .
 *(.ram0_init)
 *(.ram0_init.*)
                0x20001870                . = ALIGN (0x4)

.ram0           0x20001870        0x0 load address 0x08004a24
                0x20001870                __ram0_clear__ = .
 *(.ram0_clear)
 *(.ram0_clear.*)
                0x20001870                . = ALIGN (0x4)
                0x20001870                __ram0_noinit__ = .
 *(.ram0)
 *(.ram0.*)
                0x20001870                . = ALIGN (0x4)
                0x20001870                __ram0_free__ = .

.ram1_init      0x00000000        0x0 load address 0x08004a24
                0x08004a24                __ram1_init_text__ = LOADADDR (.ram1_init)
                0x00000000                __ram1_init__ = .
 *(.ram1_init)
 *(.ram1_init.*)
                0x00000000                . = ALIGN (0x4)

.ram1           0x00000000        0x0 load address 0x08004a24
                0x00000000                __ram1_clear__ = .
 *(.ram1_clear)
 *(.ram1_clear.*)
                0x00000000                . = ALIGN (0x4)
                0x00000000                __ram1_noinit__ = .
 *(.ram1)
 *(.ram1.*)
                0x00000000                . = ALIGN (0x4)
                0x00000000                __ram1_free__ = .

.ram2_init      0x00000000        0x0 load address 0x08004a24
                0x08004a24                __ram2_init_text__ = LOADADDR (.ram2_init)
                0x00000000                __ram2_init__ = .
 *(.ram2_init)
 *(.ram2_init.*)
                0x00000000                . = ALIGN (0x4)

.ram2           0x00000000        0x0 load address 0x08004a24
                0x00000000                __ram2_clear__ = .
 *(.ram2_clear)
 *(.ram2_clear.*)
                0x00000000                . = ALIGN (0x4)
                0x00000000                __ram2_noinit__ = .
 *(.ram2)
 *(.ram2.*)
                0x00000000                . = ALIGN (0x4)
                0x00000000                __ram2_free__ = .

.ram3_init      0x00000000        0x0 load address 0x08004a24
                0x08004a24                __ram3_init_text__ = LOADADDR (.ram3_init)
                0x00000000                __ram3_init__ = .
 *(.ram3_init)
 *(.ram3_init.*)
                0x00000000                . = ALIGN (0x4)

.ram3           0x00000000        0x0 load address 0x08004a24
                0x00000000                __ram3_clear__ = .
 *(.ram3_clear)
 *(.ram3_clear.*)
                0x00000000                . = ALIGN (0x4)
                0x00000000                __ram3_noinit__ = .
 *(.ram3)
 *(.ram3.*)
                0x00000000                . = ALIGN (0x4)
                0x00000000                __ram3_free__ = .

.ram4_init      0x00000000        0x0 load address 0x08004a24
                0x08004a24                __ram4_init_text__ = LOADADDR (.ram4_init)
                0x00000000                __ram4_init__ = .
 *(.ram4_init)
 *(.ram4_init.*)
                0x00000000                . = ALIGN (0x4)

.ram4           0x00000000        0x0 load address 0x08004a24
                0x00000000                __ram4_clear__ = .
 *(.ram4_clear)
 *(.ram4_clear.*)
                0x00000000                . = ALIGN (0x4)
                0x00000000                __ram4_noinit__ = .
 *(.ram4)
 *(.ram4.*)
                0x00000000                . = ALIGN (0x4)
                0x00000000                __ram4_free__ = .

.ram5_init      0x00000000        0x0 load address 0x08004a24
                0x08004a24                __ram5_init_text__ = LOADADDR (.ram5_init)
                0x00000000                __ram5_init__ = .
 *(.ram5_init)
 *(.ram5_init.*)
                0x00000000                . = ALIGN (0x4)

.ram5           0x00000000        0x0 load address 0x08004a24
                0x00000000                __ram5_clear__ = .
 *(.ram5_clear)
 *(.ram5_clear.*)
                0x00000000                . = ALIGN (0x4)
                0x00000000                __ram5_noinit__ = .
 *(.ram5)
 *(.ram5.*)
                0x00000000                . = ALIGN (0x4)
                0x00000000                __ram5_free__ = .

.ram6_init      0x00000000        0x0 load address 0x08004a24
                0x08004a24                __ram6_init_text__ = LOADADDR (.ram6_init)
                0x00000000                __ram6_init__ = .
 *(.ram6_init)
 *(.ram6_init.*)
                0x00000000                . = ALIGN (0x4)

.ram6           0x00000000        0x0 load address 0x08004a24
                0x00000000                __ram6_clear__ = .
 *(.ram6_clear)
 *(.ram6_clear.*)
                0x00000000                . = ALIGN (0x4)
                0x00000000                __ram6_noinit__ = .
 *(.ram6)
 *(.ram6.*)
                0x00000000                . = ALIGN (0x4)
                0x00000000                __ram6_free__ = .

.ram7_init      0x00000000        0x0 load address 0x08004a24
                0x08004a24                __ram7_init_text__ = LOADADDR (.ram7_init)
                0x00000000                __ram7_init__ = .
 *(.ram7_init)
 *(.ram7_init.*)
                0x00000000                . = ALIGN (0x4)

.ram7           0x00000000        0x0 load address 0x08004a24
                0x00000000                __ram7_clear__ = .
 *(.ram7_clear)
 *(.ram7_clear.*)
                0x00000000                . = ALIGN (0x4)
                0x00000000                __ram7_noinit__ = .
 *(.ram7)
 *(.ram7.*)
                0x00000000                . = ALIGN (0x4)
                0x00000000                __ram7_free__ = .

.flash0         0x08004a24        0x0
                0x08004a24                __flash0_init__ = .
 *(.flash0_init)
 *(.flash0_init.*)
                0x08004a24                __flash0_free__ = .

.flash1         0x00000000        0x0
                0x00000000                __flash1_init__ = .
 *(.flash1_init)
 *(.flash1_init.*)
                0x00000000                __flash1_free__ = .

.flash2         0x00000000        0x0
                0x00000000                __flash2_init__ = .
 *(.flash2_init)
 *(.flash2_init.*)
                0x00000000                __flash2_free__ = .

.flash3         0x00000000        0x0
                0x00000000                __flash3_init__ = .
 *(.flash3_init)
 *(.flash3_init.*)
                0x00000000                __flash3_free__ = .

.flash4         0x00000000        0x0
                0x00000000                __flash4_init__ = .
 *(.flash4_init)
 *(.flash4_init.*)
                0x00000000                __flash4_free__ = .

.flash5         0x00000000        0x0
                0x00000000                __flash5_init__ = .
 *(.flash5_init)
 *(.flash5_init.*)
                0x00000000                __flash5_free__ = .

.flash6         0x00000000        0x0
                0x00000000                __flash6_init__ = .
 *(.flash6_init)
 *(.flash6_init.*)
                0x00000000                __flash6_free__ = .

.flash7         0x00000000        0x0
                0x00000000                __flash7_init__ = .
 *(.flash7_init)
 *(.flash7_init.*)
                0x00000000                __flash7_free__ = .

.heap           0x20001870     0x6790
                0x20001870                . = ALIGN (0x8)
                0x20001870                __heap_base__ = .
                0x20008000                . = (ORIGIN (HEAP_RAM) + LENGTH (HEAP_RAM))
 *fill*         0x20001870     0x6790 
                0x20008000                __heap_end__ = .
                0x00000400                __process_stack_size__ = 0x400
                0x00000400                __main_stack_size__ = 0x400
START GROUP
LOAD c:/chibistudio/tools/gnu tools arm embedded/11.3 2022.08/bin/../lib/gcc/arm-none-eabi/11.3.1/thumb/v7e-m+fp/hard\libgcc.a
LOAD c:/chibistudio/tools/gnu tools arm embedded/11.3 2022.08/bin/../lib/gcc/arm-none-eabi/11.3.1/thumb/v7e-m+fp/hard\libg.a
LOAD c:/chibistudio/tools/gnu tools arm embedded/11.3 2022.08/bin/../lib/gcc/arm-none-eabi/11.3.1/thumb/v7e-m+fp/hard\libc.a
END GROUP
OUTPUT(build/microcntr.elf elf32-littlearm)
LOAD linker stubs

.ARM.attributes
                0x00000000       0x35
 .ARM.attributes
                0x00000000       0x25 ./build/obj/crt0_v7m.o
 .ARM.attributes
                0x00000025       0x25 ./build/obj/vectors.o
 .ARM.attributes
                0x0000004a       0x25 ./build/obj/chcoreasm.o
 .ARM.attributes
                0x0000006f       0x32 C:\Users\patri\AppData\Local\Temp\ccXUclNl.ltrans0.ltrans.o
 .ARM.attributes
                0x000000a1       0x34 c:/chibistudio/tools/gnu tools arm embedded/11.3 2022.08/bin/../lib/gcc/arm-none-eabi/11.3.1/thumb/v7e-m+fp/hard\libg.a(libc_a-memset.o)
 .ARM.attributes
                0x000000d5       0x1c c:/chibistudio/tools/gnu tools arm embedded/11.3 2022.08/bin/../lib/gcc/arm-none-eabi/11.3.1/thumb/v7e-m+fp/hard\libg.a(libc_a-memcpy.o)
 .ARM.attributes
                0x000000f1       0x1e c:/chibistudio/tools/gnu tools arm embedded/11.3 2022.08/bin/../lib/gcc/arm-none-eabi/11.3.1/thumb/v7e-m+fp/hard\libgcc.a(_arm_muldf3.o)
 .ARM.attributes
                0x0000010f       0x1e c:/chibistudio/tools/gnu tools arm embedded/11.3 2022.08/bin/../lib/gcc/arm-none-eabi/11.3.1/thumb/v7e-m+fp/hard\libgcc.a(_arm_addsubdf3.o)
 .ARM.attributes
                0x0000012d       0x1e c:/chibistudio/tools/gnu tools arm embedded/11.3 2022.08/bin/../lib/gcc/arm-none-eabi/11.3.1/thumb/v7e-m+fp/hard\libgcc.a(_arm_fixdfsi.o)
 .ARM.attributes
                0x0000014b       0x1e c:/chibistudio/tools/gnu tools arm embedded/11.3 2022.08/bin/../lib/gcc/arm-none-eabi/11.3.1/thumb/v7e-m+fp/hard\libgcc.a(_arm_truncdfsf2.o)
 .ARM.attributes
                0x00000169       0x1e c:/chibistudio/tools/gnu tools arm embedded/11.3 2022.08/bin/../lib/gcc/arm-none-eabi/11.3.1/thumb/v7e-m+fp/hard\libgcc.a(_aeabi_uldivmod.o)
 .ARM.attributes
                0x00000187       0x34 c:/chibistudio/tools/gnu tools arm embedded/11.3 2022.08/bin/../lib/gcc/arm-none-eabi/11.3.1/thumb/v7e-m+fp/hard\libgcc.a(_fixunssfdi.o)
 .ARM.attributes
                0x000001bb       0x34 c:/chibistudio/tools/gnu tools arm embedded/11.3 2022.08/bin/../lib/gcc/arm-none-eabi/11.3.1/thumb/v7e-m+fp/hard\libgcc.a(_udivmoddi4.o)
 .ARM.attributes
                0x000001ef       0x1e c:/chibistudio/tools/gnu tools arm embedded/11.3 2022.08/bin/../lib/gcc/arm-none-eabi/11.3.1/thumb/v7e-m+fp/hard\libgcc.a(_dvmd_tls.o)
 .ARM.attributes
                0x0000020d       0x1e c:/chibistudio/tools/gnu tools arm embedded/11.3 2022.08/bin/../lib/gcc/arm-none-eabi/11.3.1/thumb/v7e-m+fp/hard\libgcc.a(_arm_fixunsdfsi.o)

.comment        0x00000000       0x33
 .comment       0x00000000       0x33 C:\Users\patri\AppData\Local\Temp\ccXUclNl.ltrans0.ltrans.o
                                 0x34 (size before relaxing)
 .comment       0x00000033       0x34 c:/chibistudio/tools/gnu tools arm embedded/11.3 2022.08/bin/../lib/gcc/arm-none-eabi/11.3.1/thumb/v7e-m+fp/hard\libg.a(libc_a-memset.o)
 .comment       0x00000033       0x34 c:/chibistudio/tools/gnu tools arm embedded/11.3 2022.08/bin/../lib/gcc/arm-none-eabi/11.3.1/thumb/v7e-m+fp/hard\libgcc.a(_fixunssfdi.o)
 .comment       0x00000033       0x34 c:/chibistudio/tools/gnu tools arm embedded/11.3 2022.08/bin/../lib/gcc/arm-none-eabi/11.3.1/thumb/v7e-m+fp/hard\libgcc.a(_udivmoddi4.o)

.debug_line     0x00000000     0xa780
 .debug_line    0x00000000       0xb7 ./build/obj/crt0_v7m.o
 .debug_line    0x000000b7       0x4f ./build/obj/vectors.o
 .debug_line    0x00000106       0x67 ./build/obj/chcoreasm.o
 .debug_line    0x0000016d     0x8000 C:\Users\patri\AppData\Local\Temp\ccXUclNl.ltrans0.ltrans.o
 .debug_line    0x0000816d       0x4c C:\Users\patri\AppData\Local\Temp\ccV6vok0.debug.temp.o
 .debug_line    0x000081b9       0x7b C:\Users\patri\AppData\Local\Temp\cc21CJrt.debug.temp.o
 .debug_line    0x00008234       0x67 C:\Users\patri\AppData\Local\Temp\ccpjDzuW.debug.temp.o
 .debug_line    0x0000829b       0xa9 C:\Users\patri\AppData\Local\Temp\ccIXwWhl.debug.temp.o
 .debug_line    0x00008344       0xd3 C:\Users\patri\AppData\Local\Temp\ccpOWLnI.debug.temp.o
 .debug_line    0x00008417       0x91 C:\Users\patri\AppData\Local\Temp\cc6Z0RRa.debug.temp.o
 .debug_line    0x000084a8       0xce C:\Users\patri\AppData\Local\Temp\ccVr3jzD.debug.temp.o
 .debug_line    0x00008576       0xd4 C:\Users\patri\AppData\Local\Temp\ccNO5C8F.debug.temp.o
 .debug_line    0x0000864a       0x5e C:\Users\patri\AppData\Local\Temp\ccGKcyBc.debug.temp.o
 .debug_line    0x000086a8      0x185 C:\Users\patri\AppData\Local\Temp\ccHO3FZI.debug.temp.o
 .debug_line    0x0000882d       0x71 C:\Users\patri\AppData\Local\Temp\cc2W3jBf.debug.temp.o
 .debug_line    0x0000889e       0xd8 C:\Users\patri\AppData\Local\Temp\ccohFL1i.debug.temp.o
 .debug_line    0x00008976       0x91 C:\Users\patri\AppData\Local\Temp\ccfKhuKO.debug.temp.o
 .debug_line    0x00008a07       0xe7 C:\Users\patri\AppData\Local\Temp\cc8IkPgm.debug.temp.o
 .debug_line    0x00008aee       0x87 C:\Users\patri\AppData\Local\Temp\ccNdz3eS.debug.temp.o
 .debug_line    0x00008b75       0x68 C:\Users\patri\AppData\Local\Temp\ccIGoNqo.debug.temp.o
 .debug_line    0x00008bdd       0xcb C:\Users\patri\AppData\Local\Temp\ccPnwKxU.debug.temp.o
 .debug_line    0x00008ca8       0xd2 C:\Users\patri\AppData\Local\Temp\ccHWQz0U.debug.temp.o
 .debug_line    0x00008d7a       0x8f C:\Users\patri\AppData\Local\Temp\ccm1RBeq.debug.temp.o
 .debug_line    0x00008e09       0x98 C:\Users\patri\AppData\Local\Temp\cch4t9FV.debug.temp.o
 .debug_line    0x00008ea1       0xa6 C:\Users\patri\AppData\Local\Temp\ccravWHW.debug.temp.o
 .debug_line    0x00008f47       0x9d C:\Users\patri\AppData\Local\Temp\ccU2aTbr.debug.temp.o
 .debug_line    0x00008fe4       0xac C:\Users\patri\AppData\Local\Temp\ccdezKOV.debug.temp.o
 .debug_line    0x00009090       0xcc C:\Users\patri\AppData\Local\Temp\ccSwn8Eq.debug.temp.o
 .debug_line    0x0000915c       0x9d C:\Users\patri\AppData\Local\Temp\cc5cXwEV.debug.temp.o
 .debug_line    0x000091f9       0xb9 C:\Users\patri\AppData\Local\Temp\ccq1g8yq.debug.temp.o
 .debug_line    0x000092b2       0xa2 C:\Users\patri\AppData\Local\Temp\ccmWRU4x.debug.temp.o
 .debug_line    0x00009354       0xa7 C:\Users\patri\AppData\Local\Temp\ccWTlEWF.debug.temp.o
 .debug_line    0x000093fb       0x83 C:\Users\patri\AppData\Local\Temp\ccUgvYiT.debug.temp.o
 .debug_line    0x0000947e       0xa1 C:\Users\patri\AppData\Local\Temp\ccFc2RIr.debug.temp.o
 .debug_line    0x0000951f       0x9c C:\Users\patri\AppData\Local\Temp\ccsD053Z.debug.temp.o
 .debug_line    0x000095bb       0xc3 C:\Users\patri\AppData\Local\Temp\ccYh0Gdb.debug.temp.o
 .debug_line    0x0000967e       0xa2 C:\Users\patri\AppData\Local\Temp\ccFp4DMI.debug.temp.o
 .debug_line    0x00009720       0x67 C:\Users\patri\AppData\Local\Temp\ccuLNpug.debug.temp.o
 .debug_line    0x00009787       0xca C:\Users\patri\AppData\Local\Temp\ccMfFyol.debug.temp.o
 .debug_line    0x00009851       0x76 C:\Users\patri\AppData\Local\Temp\ccnkJEdY.debug.temp.o
 .debug_line    0x000098c7       0xf6 C:\Users\patri\AppData\Local\Temp\ccI6o13E.debug.temp.o
 .debug_line    0x000099bd      0x23d c:/chibistudio/tools/gnu tools arm embedded/11.3 2022.08/bin/../lib/gcc/arm-none-eabi/11.3.1/thumb/v7e-m+fp/hard\libg.a(libc_a-memset.o)
 .debug_line    0x00009bfa       0x95 c:/chibistudio/tools/gnu tools arm embedded/11.3 2022.08/bin/../lib/gcc/arm-none-eabi/11.3.1/thumb/v7e-m+fp/hard\libg.a(libc_a-memcpy.o)
 .debug_line    0x00009c8f       0xf5 c:/chibistudio/tools/gnu tools arm embedded/11.3 2022.08/bin/../lib/gcc/arm-none-eabi/11.3.1/thumb/v7e-m+fp/hard\libgcc.a(_arm_muldf3.o)
 .debug_line    0x00009d84      0x16f c:/chibistudio/tools/gnu tools arm embedded/11.3 2022.08/bin/../lib/gcc/arm-none-eabi/11.3.1/thumb/v7e-m+fp/hard\libgcc.a(_arm_addsubdf3.o)
 .debug_line    0x00009ef3       0x62 c:/chibistudio/tools/gnu tools arm embedded/11.3 2022.08/bin/../lib/gcc/arm-none-eabi/11.3.1/thumb/v7e-m+fp/hard\libgcc.a(_arm_fixdfsi.o)
 .debug_line    0x00009f55       0x76 c:/chibistudio/tools/gnu tools arm embedded/11.3 2022.08/bin/../lib/gcc/arm-none-eabi/11.3.1/thumb/v7e-m+fp/hard\libgcc.a(_arm_truncdfsf2.o)
 .debug_line    0x00009fcb       0x4e c:/chibistudio/tools/gnu tools arm embedded/11.3 2022.08/bin/../lib/gcc/arm-none-eabi/11.3.1/thumb/v7e-m+fp/hard\libgcc.a(_aeabi_uldivmod.o)
 .debug_line    0x0000a019       0xda c:/chibistudio/tools/gnu tools arm embedded/11.3 2022.08/bin/../lib/gcc/arm-none-eabi/11.3.1/thumb/v7e-m+fp/hard\libgcc.a(_fixunssfdi.o)
 .debug_line    0x0000a0f3      0x5e5 c:/chibistudio/tools/gnu tools arm embedded/11.3 2022.08/bin/../lib/gcc/arm-none-eabi/11.3.1/thumb/v7e-m+fp/hard\libgcc.a(_udivmoddi4.o)
 .debug_line    0x0000a6d8       0x4a c:/chibistudio/tools/gnu tools arm embedded/11.3 2022.08/bin/../lib/gcc/arm-none-eabi/11.3.1/thumb/v7e-m+fp/hard\libgcc.a(_dvmd_tls.o)
 .debug_line    0x0000a722       0x5e c:/chibistudio/tools/gnu tools arm embedded/11.3 2022.08/bin/../lib/gcc/arm-none-eabi/11.3.1/thumb/v7e-m+fp/hard\libgcc.a(_arm_fixunsdfsi.o)

.debug_line_str
                0x00000000     0x12c2
 .debug_line_str
                0x00000000       0x6c ./build/obj/crt0_v7m.o
                                 0x77 (size before relaxing)
 .debug_line_str
                0x0000006c        0xa ./build/obj/vectors.o
                                 0x75 (size before relaxing)
 .debug_line_str
                0x00000076       0x44 ./build/obj/chcoreasm.o
                                 0x78 (size before relaxing)
 .debug_line_str
                0x000000ba      0x105 C:\Users\patri\AppData\Local\Temp\ccV6vok0.debug.temp.o
                                0x16d (size before relaxing)
 .debug_line_str
                0x000001bf      0x14d C:\Users\patri\AppData\Local\Temp\cc21CJrt.debug.temp.o
                                0x17b (size before relaxing)
 .debug_line_str
                0x0000030c       0xca C:\Users\patri\AppData\Local\Temp\ccpjDzuW.debug.temp.o
                                0x1dd (size before relaxing)
 .debug_line_str
                0x000003d6      0x1aa C:\Users\patri\AppData\Local\Temp\ccIXwWhl.debug.temp.o
                                0x337 (size before relaxing)
 .debug_line_str
                0x00000580      0x12a C:\Users\patri\AppData\Local\Temp\ccpOWLnI.debug.temp.o
                                0x3d9 (size before relaxing)
 .debug_line_str
                0x000006aa       0x35 C:\Users\patri\AppData\Local\Temp\cc6Z0RRa.debug.temp.o
                                0x28d (size before relaxing)
 .debug_line_str
                0x000006df       0x64 C:\Users\patri\AppData\Local\Temp\ccVr3jzD.debug.temp.o
                                0x3cd (size before relaxing)
 .debug_line_str
                0x00000743       0x80 C:\Users\patri\AppData\Local\Temp\ccNO5C8F.debug.temp.o
                                0x3c1 (size before relaxing)
 .debug_line_str
                0x000007c3       0x6c C:\Users\patri\AppData\Local\Temp\ccGKcyBc.debug.temp.o
                                0x1c1 (size before relaxing)
 .debug_line_str
                0x0000082f      0x2bc C:\Users\patri\AppData\Local\Temp\ccHO3FZI.debug.temp.o
                                0x6a4 (size before relaxing)
 .debug_line_str
                0x00000aeb       0x58 C:\Users\patri\AppData\Local\Temp\cc2W3jBf.debug.temp.o
                                0x236 (size before relaxing)
 .debug_line_str
                0x00000b43       0x3d C:\Users\patri\AppData\Local\Temp\ccohFL1i.debug.temp.o
                                0x40a (size before relaxing)
 .debug_line_str
                0x00000b80       0x3b C:\Users\patri\AppData\Local\Temp\ccfKhuKO.debug.temp.o
                                0x2bc (size before relaxing)
 .debug_line_str
                0x00000bbb       0x53 C:\Users\patri\AppData\Local\Temp\cc8IkPgm.debug.temp.o
                                0x429 (size before relaxing)
 .debug_line_str
                0x00000c0e       0x40 C:\Users\patri\AppData\Local\Temp\ccNdz3eS.debug.temp.o
                                0x2b7 (size before relaxing)
 .debug_line_str
                0x00000c4e       0x3d C:\Users\patri\AppData\Local\Temp\ccIGoNqo.debug.temp.o
                                0x1e7 (size before relaxing)
 .debug_line_str
                0x00000c8b       0x42 C:\Users\patri\AppData\Local\Temp\ccPnwKxU.debug.temp.o
                                0x3b7 (size before relaxing)
 .debug_line_str
                0x00000ccd       0xa5 C:\Users\patri\AppData\Local\Temp\ccHWQz0U.debug.temp.o
                                0x33d (size before relaxing)
 .debug_line_str
                0x00000d72       0x25 C:\Users\patri\AppData\Local\Temp\ccm1RBeq.debug.temp.o
                                0x215 (size before relaxing)
 .debug_line_str
                0x00000d97       0x26 C:\Users\patri\AppData\Local\Temp\cch4t9FV.debug.temp.o
                                0x25a (size before relaxing)
 .debug_line_str
                0x00000dbd       0x23 C:\Users\patri\AppData\Local\Temp\ccravWHW.debug.temp.o
                                0x28f (size before relaxing)
 .debug_line_str
                0x00000de0       0x25 C:\Users\patri\AppData\Local\Temp\ccU2aTbr.debug.temp.o
                                0x25f (size before relaxing)
 .debug_line_str
                0x00000e05       0x37 C:\Users\patri\AppData\Local\Temp\ccdezKOV.debug.temp.o
                                0x27a (size before relaxing)
 .debug_line_str
                0x00000e3c       0x35 C:\Users\patri\AppData\Local\Temp\ccSwn8Eq.debug.temp.o
                                0x35e (size before relaxing)
 .debug_line_str
                0x00000e71       0x23 C:\Users\patri\AppData\Local\Temp\cc5cXwEV.debug.temp.o
                                0x25a (size before relaxing)
 .debug_line_str
                0x00000e94       0x29 C:\Users\patri\AppData\Local\Temp\ccq1g8yq.debug.temp.o
                                0x33f (size before relaxing)
 .debug_line_str
                0x00000ebd       0x24 C:\Users\patri\AppData\Local\Temp\ccmWRU4x.debug.temp.o
                                0x26b (size before relaxing)
 .debug_line_str
                0x00000ee1       0x27 C:\Users\patri\AppData\Local\Temp\ccWTlEWF.debug.temp.o
                                0x27c (size before relaxing)
 .debug_line_str
                0x00000f08       0x4a C:\Users\patri\AppData\Local\Temp\ccUgvYiT.debug.temp.o
                                0x28b (size before relaxing)
 .debug_line_str
                0x00000f52       0x2c C:\Users\patri\AppData\Local\Temp\ccFc2RIr.debug.temp.o
                                0x2be (size before relaxing)
 .debug_line_str
                0x00000f7e       0x2c C:\Users\patri\AppData\Local\Temp\ccsD053Z.debug.temp.o
                                0x2be (size before relaxing)
 .debug_line_str
                0x00000faa       0x4d C:\Users\patri\AppData\Local\Temp\ccYh0Gdb.debug.temp.o
                                0x34f (size before relaxing)
 .debug_line_str
                0x00000ff7       0x33 C:\Users\patri\AppData\Local\Temp\ccFp4DMI.debug.temp.o
                                0x291 (size before relaxing)
 .debug_line_str
                0x0000102a       0x1e C:\Users\patri\AppData\Local\Temp\ccuLNpug.debug.temp.o
                                0x1c4 (size before relaxing)
 .debug_line_str
                0x00001048       0x4f C:\Users\patri\AppData\Local\Temp\ccMfFyol.debug.temp.o
                                0x372 (size before relaxing)
 .debug_line_str
                0x00001097       0x51 C:\Users\patri\AppData\Local\Temp\ccnkJEdY.debug.temp.o
                                0x22e (size before relaxing)
 .debug_line_str
                0x000010e8       0x15 C:\Users\patri\AppData\Local\Temp\ccI6o13E.debug.temp.o
                                0x3f6 (size before relaxing)
 .debug_line_str
                0x000010fd       0xe3 c:/chibistudio/tools/gnu tools arm embedded/11.3 2022.08/bin/../lib/gcc/arm-none-eabi/11.3.1/thumb/v7e-m+fp/hard\libg.a(libc_a-memcpy.o)
                                 0xf3 (size before relaxing)
 .debug_line_str
                0x000011e0       0xce c:/chibistudio/tools/gnu tools arm embedded/11.3 2022.08/bin/../lib/gcc/arm-none-eabi/11.3.1/thumb/v7e-m+fp/hard\libgcc.a(_arm_muldf3.o)
                                 0xdb (size before relaxing)
 .debug_line_str
                0x000012ae       0xdb c:/chibistudio/tools/gnu tools arm embedded/11.3 2022.08/bin/../lib/gcc/arm-none-eabi/11.3.1/thumb/v7e-m+fp/hard\libgcc.a(_arm_addsubdf3.o)
 .debug_line_str
                0x000012ae       0xdb c:/chibistudio/tools/gnu tools arm embedded/11.3 2022.08/bin/../lib/gcc/arm-none-eabi/11.3.1/thumb/v7e-m+fp/hard\libgcc.a(_arm_fixdfsi.o)
 .debug_line_str
                0x000012ae       0xdb c:/chibistudio/tools/gnu tools arm embedded/11.3 2022.08/bin/../lib/gcc/arm-none-eabi/11.3.1/thumb/v7e-m+fp/hard\libgcc.a(_arm_truncdfsf2.o)
 .debug_line_str
                0x000012ae        0x8 c:/chibistudio/tools/gnu tools arm embedded/11.3 2022.08/bin/../lib/gcc/arm-none-eabi/11.3.1/thumb/v7e-m+fp/hard\libgcc.a(_aeabi_uldivmod.o)
                                 0xd1 (size before relaxing)
 .debug_line_str
                0x000012b6        0xc c:/chibistudio/tools/gnu tools arm embedded/11.3 2022.08/bin/../lib/gcc/arm-none-eabi/11.3.1/thumb/v7e-m+fp/hard\libgcc.a(_dvmd_tls.o)
                                 0xd9 (size before relaxing)
 .debug_line_str
                0x000012c2       0xdb c:/chibistudio/tools/gnu tools arm embedded/11.3 2022.08/bin/../lib/gcc/arm-none-eabi/11.3.1/thumb/v7e-m+fp/hard\libgcc.a(_arm_fixunsdfsi.o)

.debug_info     0x00000000    0x26221
 .debug_info    0x00000000       0x25 ./build/obj/crt0_v7m.o
 .debug_info    0x00000025       0x24 ./build/obj/vectors.o
 .debug_info    0x00000049       0x24 ./build/obj/chcoreasm.o
 .debug_info    0x0000006d     0xb48f C:\Users\patri\AppData\Local\Temp\ccXUclNl.ltrans0.ltrans.o
 .debug_info    0x0000b4fc      0x296 C:\Users\patri\AppData\Local\Temp\ccV6vok0.debug.temp.o
                0x0000b4fc                crt1.c.4a6694df
 .debug_info    0x0000b792       0xc8 C:\Users\patri\AppData\Local\Temp\cc21CJrt.debug.temp.o
                0x0000b792                hal.c.a7b7f7d8
 .debug_info    0x0000b85a      0x2e2 C:\Users\patri\AppData\Local\Temp\ccpjDzuW.debug.temp.o
                0x0000b85a                hal_st.c.0f19d45b
 .debug_info    0x0000bb3c      0x868 C:\Users\patri\AppData\Local\Temp\ccIXwWhl.debug.temp.o
                0x0000bb3c                hal_queues.c.c74efdc9
 .debug_info    0x0000c3a4     0x10f4 C:\Users\patri\AppData\Local\Temp\ccpOWLnI.debug.temp.o
                0x0000c3a4                hal_adc.c.048c78cf
 .debug_info    0x0000d498      0x66f C:\Users\patri\AppData\Local\Temp\cc6Z0RRa.debug.temp.o
                0x0000d498                hal_gpt.c.4f0bab17
 .debug_info    0x0000db07      0xf48 C:\Users\patri\AppData\Local\Temp\ccVr3jzD.debug.temp.o
                0x0000db07                hal_i2c.c.ed22ae67
 .debug_info    0x0000ea4f     0x132d C:\Users\patri\AppData\Local\Temp\ccNO5C8F.debug.temp.o
                0x0000ea4f                hal_serial.c.f65ef5c1
 .debug_info    0x0000fd7c      0x473 C:\Users\patri\AppData\Local\Temp\ccGKcyBc.debug.temp.o
                0x0000fd7c                nvic.c.cc24cfbe
 .debug_info    0x000101ef     0x1175 C:\Users\patri\AppData\Local\Temp\ccHO3FZI.debug.temp.o
                0x000101ef                stm32_isr.c.276af6f0
 .debug_info    0x00011364      0x551 C:\Users\patri\AppData\Local\Temp\cc2W3jBf.debug.temp.o
                0x00011364                hal_lld.c.550db1e9
 .debug_info    0x000118b5     0x10ee C:\Users\patri\AppData\Local\Temp\ccohFL1i.debug.temp.o
                0x000118b5                hal_adc_lld.c.04d6f8ae
 .debug_info    0x000129a3      0x7dd C:\Users\patri\AppData\Local\Temp\ccfKhuKO.debug.temp.o
                0x000129a3                stm32_dma.c.b5cfe4f2
 .debug_info    0x00013180     0x1505 C:\Users\patri\AppData\Local\Temp\cc8IkPgm.debug.temp.o
                0x00013180                hal_i2c_lld.c.2a31e2f8
 .debug_info    0x00014685      0x4b6 C:\Users\patri\AppData\Local\Temp\ccNdz3eS.debug.temp.o
                0x00014685                hal_st_lld.c.da601b7e
 .debug_info    0x00014b3b      0x5eb C:\Users\patri\AppData\Local\Temp\ccIGoNqo.debug.temp.o
                0x00014b3b                hal_gpt_lld.c.41069f11
 .debug_info    0x00015126     0x1126 C:\Users\patri\AppData\Local\Temp\ccPnwKxU.debug.temp.o
                0x00015126                hal_serial_lld.c.2d33dd47
 .debug_info    0x0001624c      0xee6 C:\Users\patri\AppData\Local\Temp\ccHWQz0U.debug.temp.o
                0x0001624c                chsys.c.6eeef0a6
 .debug_info    0x00017132      0x84d C:\Users\patri\AppData\Local\Temp\ccm1RBeq.debug.temp.o
                0x00017132                chrfcu.c.20f7edd0
 .debug_info    0x0001797f      0x93b C:\Users\patri\AppData\Local\Temp\cch4t9FV.debug.temp.o
                0x0001797f                chdebug.c.ada67c1a
 .debug_info    0x000182ba      0xee3 C:\Users\patri\AppData\Local\Temp\ccravWHW.debug.temp.o
                0x000182ba                chvt.c.125c40d0
 .debug_info    0x0001919d      0xdf2 C:\Users\patri\AppData\Local\Temp\ccU2aTbr.debug.temp.o
                0x0001919d                chschd.c.c89cbed8
 .debug_info    0x00019f8f      0xd17 C:\Users\patri\AppData\Local\Temp\ccdezKOV.debug.temp.o
                0x00019f8f                chinstances.c.62974452
 .debug_info    0x0001aca6     0x1210 C:\Users\patri\AppData\Local\Temp\ccSwn8Eq.debug.temp.o
                0x0001aca6                chthreads.c.319f5c82
 .debug_info    0x0001beb6      0xb6f C:\Users\patri\AppData\Local\Temp\cc5cXwEV.debug.temp.o
                0x0001beb6                chtm.c.6aea670a
 .debug_info    0x0001ca25      0xcad C:\Users\patri\AppData\Local\Temp\ccq1g8yq.debug.temp.o
                0x0001ca25                chregistry.c.534a7f4d
 .debug_info    0x0001d6d2      0xb8e C:\Users\patri\AppData\Local\Temp\ccmWRU4x.debug.temp.o
                0x0001d6d2                chmtx.c.0bd95b91
 .debug_info    0x0001e260      0xe2b C:\Users\patri\AppData\Local\Temp\ccWTlEWF.debug.temp.o
                0x0001e260                chevents.c.5de600f9
 .debug_info    0x0001f08b      0x2f6 C:\Users\patri\AppData\Local\Temp\ccUgvYiT.debug.temp.o
                0x0001f08b                chmemcore.c.9f383a27
 .debug_info    0x0001f381      0xb35 C:\Users\patri\AppData\Local\Temp\ccFc2RIr.debug.temp.o
                0x0001f381                chmemheaps.c.16217e2e
 .debug_info    0x0001feb6      0x5d8 C:\Users\patri\AppData\Local\Temp\ccsD053Z.debug.temp.o
                0x0001feb6                chmempools.c.4927b912
 .debug_info    0x0002048e     0x15d7 C:\Users\patri\AppData\Local\Temp\ccYh0Gdb.debug.temp.o
                0x0002048e                chfactory.c.91721464
 .debug_info    0x00021a65     0x1162 C:\Users\patri\AppData\Local\Temp\ccFp4DMI.debug.temp.o
                0x00021a65                chcore.c.7c6ab5d7
 .debug_info    0x00022bc7      0x41e C:\Users\patri\AppData\Local\Temp\ccuLNpug.debug.temp.o
                0x00022bc7                board.c.19822d90
 .debug_info    0x00022fe5      0xebe C:\Users\patri\AppData\Local\Temp\ccMfFyol.debug.temp.o
                0x00022fe5                utils.c.6f60e9f2
 .debug_info    0x00023ea3      0x594 C:\Users\patri\AppData\Local\Temp\ccnkJEdY.debug.temp.o
                0x00023ea3                chprintf.c.fc4078bb
 .debug_info    0x00024437     0x1117 C:\Users\patri\AppData\Local\Temp\ccI6o13E.debug.temp.o
                0x00024437                main.c.3a51a882
 .debug_info    0x0002554e      0x135 c:/chibistudio/tools/gnu tools arm embedded/11.3 2022.08/bin/../lib/gcc/arm-none-eabi/11.3.1/thumb/v7e-m+fp/hard\libg.a(libc_a-memset.o)
 .debug_info    0x00025683       0x25 c:/chibistudio/tools/gnu tools arm embedded/11.3 2022.08/bin/../lib/gcc/arm-none-eabi/11.3.1/thumb/v7e-m+fp/hard\libg.a(libc_a-memcpy.o)
 .debug_info    0x000256a8       0x25 c:/chibistudio/tools/gnu tools arm embedded/11.3 2022.08/bin/../lib/gcc/arm-none-eabi/11.3.1/thumb/v7e-m+fp/hard\libgcc.a(_arm_muldf3.o)
 .debug_info    0x000256cd       0x25 c:/chibistudio/tools/gnu tools arm embedded/11.3 2022.08/bin/../lib/gcc/arm-none-eabi/11.3.1/thumb/v7e-m+fp/hard\libgcc.a(_arm_addsubdf3.o)
 .debug_info    0x000256f2       0x24 c:/chibistudio/tools/gnu tools arm embedded/11.3 2022.08/bin/../lib/gcc/arm-none-eabi/11.3.1/thumb/v7e-m+fp/hard\libgcc.a(_arm_fixdfsi.o)
 .debug_info    0x00025716       0x25 c:/chibistudio/tools/gnu tools arm embedded/11.3 2022.08/bin/../lib/gcc/arm-none-eabi/11.3.1/thumb/v7e-m+fp/hard\libgcc.a(_arm_truncdfsf2.o)
 .debug_info    0x0002573b       0x24 c:/chibistudio/tools/gnu tools arm embedded/11.3 2022.08/bin/../lib/gcc/arm-none-eabi/11.3.1/thumb/v7e-m+fp/hard\libgcc.a(_aeabi_uldivmod.o)
 .debug_info    0x0002575f      0x397 c:/chibistudio/tools/gnu tools arm embedded/11.3 2022.08/bin/../lib/gcc/arm-none-eabi/11.3.1/thumb/v7e-m+fp/hard\libgcc.a(_fixunssfdi.o)
 .debug_info    0x00025af6      0x6e3 c:/chibistudio/tools/gnu tools arm embedded/11.3 2022.08/bin/../lib/gcc/arm-none-eabi/11.3.1/thumb/v7e-m+fp/hard\libgcc.a(_udivmoddi4.o)
 .debug_info    0x000261d9       0x24 c:/chibistudio/tools/gnu tools arm embedded/11.3 2022.08/bin/../lib/gcc/arm-none-eabi/11.3.1/thumb/v7e-m+fp/hard\libgcc.a(_dvmd_tls.o)
 .debug_info    0x000261fd       0x24 c:/chibistudio/tools/gnu tools arm embedded/11.3 2022.08/bin/../lib/gcc/arm-none-eabi/11.3.1/thumb/v7e-m+fp/hard\libgcc.a(_arm_fixunsdfsi.o)

.debug_abbrev   0x00000000     0x56d5
 .debug_abbrev  0x00000000       0x14 ./build/obj/crt0_v7m.o
 .debug_abbrev  0x00000014       0x14 ./build/obj/vectors.o
 .debug_abbrev  0x00000028       0x14 ./build/obj/chcoreasm.o
 .debug_abbrev  0x0000003c      0x34a C:\Users\patri\AppData\Local\Temp\ccXUclNl.ltrans0.ltrans.o
 .debug_abbrev  0x00000386       0xec C:\Users\patri\AppData\Local\Temp\ccV6vok0.debug.temp.o
 .debug_abbrev  0x00000472       0x6e C:\Users\patri\AppData\Local\Temp\cc21CJrt.debug.temp.o
 .debug_abbrev  0x000004e0      0x15c C:\Users\patri\AppData\Local\Temp\ccpjDzuW.debug.temp.o
 .debug_abbrev  0x0000063c      0x236 C:\Users\patri\AppData\Local\Temp\ccIXwWhl.debug.temp.o
 .debug_abbrev  0x00000872      0x2c4 C:\Users\patri\AppData\Local\Temp\ccpOWLnI.debug.temp.o
 .debug_abbrev  0x00000b36      0x1e7 C:\Users\patri\AppData\Local\Temp\cc6Z0RRa.debug.temp.o
 .debug_abbrev  0x00000d1d      0x2af C:\Users\patri\AppData\Local\Temp\ccVr3jzD.debug.temp.o
 .debug_abbrev  0x00000fcc      0x2cd C:\Users\patri\AppData\Local\Temp\ccNO5C8F.debug.temp.o
 .debug_abbrev  0x00001299      0x163 C:\Users\patri\AppData\Local\Temp\ccGKcyBc.debug.temp.o
 .debug_abbrev  0x000013fc      0x205 C:\Users\patri\AppData\Local\Temp\ccHO3FZI.debug.temp.o
 .debug_abbrev  0x00001601      0x145 C:\Users\patri\AppData\Local\Temp\cc2W3jBf.debug.temp.o
 .debug_abbrev  0x00001746      0x300 C:\Users\patri\AppData\Local\Temp\ccohFL1i.debug.temp.o
 .debug_abbrev  0x00001a46      0x229 C:\Users\patri\AppData\Local\Temp\ccfKhuKO.debug.temp.o
 .debug_abbrev  0x00001c6f      0x34b C:\Users\patri\AppData\Local\Temp\cc8IkPgm.debug.temp.o
 .debug_abbrev  0x00001fba      0x166 C:\Users\patri\AppData\Local\Temp\ccNdz3eS.debug.temp.o
 .debug_abbrev  0x00002120      0x164 C:\Users\patri\AppData\Local\Temp\ccIGoNqo.debug.temp.o
 .debug_abbrev  0x00002284      0x2b9 C:\Users\patri\AppData\Local\Temp\ccPnwKxU.debug.temp.o
 .debug_abbrev  0x0000253d      0x345 C:\Users\patri\AppData\Local\Temp\ccHWQz0U.debug.temp.o
 .debug_abbrev  0x00002882      0x157 C:\Users\patri\AppData\Local\Temp\ccm1RBeq.debug.temp.o
 .debug_abbrev  0x000029d9      0x1a4 C:\Users\patri\AppData\Local\Temp\cch4t9FV.debug.temp.o
 .debug_abbrev  0x00002b7d      0x2af C:\Users\patri\AppData\Local\Temp\ccravWHW.debug.temp.o
 .debug_abbrev  0x00002e2c      0x273 C:\Users\patri\AppData\Local\Temp\ccU2aTbr.debug.temp.o
 .debug_abbrev  0x0000309f      0x267 C:\Users\patri\AppData\Local\Temp\ccdezKOV.debug.temp.o
 .debug_abbrev  0x00003306      0x314 C:\Users\patri\AppData\Local\Temp\ccSwn8Eq.debug.temp.o
 .debug_abbrev  0x0000361a      0x1b4 C:\Users\patri\AppData\Local\Temp\cc5cXwEV.debug.temp.o
 .debug_abbrev  0x000037ce      0x2a7 C:\Users\patri\AppData\Local\Temp\ccq1g8yq.debug.temp.o
 .debug_abbrev  0x00003a75      0x2b1 C:\Users\patri\AppData\Local\Temp\ccmWRU4x.debug.temp.o
 .debug_abbrev  0x00003d26      0x2a8 C:\Users\patri\AppData\Local\Temp\ccWTlEWF.debug.temp.o
 .debug_abbrev  0x00003fce      0x18f C:\Users\patri\AppData\Local\Temp\ccUgvYiT.debug.temp.o
 .debug_abbrev  0x0000415d      0x268 C:\Users\patri\AppData\Local\Temp\ccFc2RIr.debug.temp.o
 .debug_abbrev  0x000043c5      0x206 C:\Users\patri\AppData\Local\Temp\ccsD053Z.debug.temp.o
 .debug_abbrev  0x000045cb      0x28b C:\Users\patri\AppData\Local\Temp\ccYh0Gdb.debug.temp.o
 .debug_abbrev  0x00004856      0x276 C:\Users\patri\AppData\Local\Temp\ccFp4DMI.debug.temp.o
 .debug_abbrev  0x00004acc      0x159 C:\Users\patri\AppData\Local\Temp\ccuLNpug.debug.temp.o
 .debug_abbrev  0x00004c25      0x246 C:\Users\patri\AppData\Local\Temp\ccMfFyol.debug.temp.o
 .debug_abbrev  0x00004e6b      0x1cb C:\Users\patri\AppData\Local\Temp\ccnkJEdY.debug.temp.o
 .debug_abbrev  0x00005036      0x2db C:\Users\patri\AppData\Local\Temp\ccI6o13E.debug.temp.o
 .debug_abbrev  0x00005311       0xb7 c:/chibistudio/tools/gnu tools arm embedded/11.3 2022.08/bin/../lib/gcc/arm-none-eabi/11.3.1/thumb/v7e-m+fp/hard\libg.a(libc_a-memset.o)
 .debug_abbrev  0x000053c8       0x14 c:/chibistudio/tools/gnu tools arm embedded/11.3 2022.08/bin/../lib/gcc/arm-none-eabi/11.3.1/thumb/v7e-m+fp/hard\libg.a(libc_a-memcpy.o)
 .debug_abbrev  0x000053dc       0x14 c:/chibistudio/tools/gnu tools arm embedded/11.3 2022.08/bin/../lib/gcc/arm-none-eabi/11.3.1/thumb/v7e-m+fp/hard\libgcc.a(_arm_muldf3.o)
 .debug_abbrev  0x000053f0       0x14 c:/chibistudio/tools/gnu tools arm embedded/11.3 2022.08/bin/../lib/gcc/arm-none-eabi/11.3.1/thumb/v7e-m+fp/hard\libgcc.a(_arm_addsubdf3.o)
 .debug_abbrev  0x00005404       0x14 c:/chibistudio/tools/gnu tools arm embedded/11.3 2022.08/bin/../lib/gcc/arm-none-eabi/11.3.1/thumb/v7e-m+fp/hard\libgcc.a(_arm_fixdfsi.o)
 .debug_abbrev  0x00005418       0x14 c:/chibistudio/tools/gnu tools arm embedded/11.3 2022.08/bin/../lib/gcc/arm-none-eabi/11.3.1/thumb/v7e-m+fp/hard\libgcc.a(_arm_truncdfsf2.o)
 .debug_abbrev  0x0000542c       0x14 c:/chibistudio/tools/gnu tools arm embedded/11.3 2022.08/bin/../lib/gcc/arm-none-eabi/11.3.1/thumb/v7e-m+fp/hard\libgcc.a(_aeabi_uldivmod.o)
 .debug_abbrev  0x00005440      0x103 c:/chibistudio/tools/gnu tools arm embedded/11.3 2022.08/bin/../lib/gcc/arm-none-eabi/11.3.1/thumb/v7e-m+fp/hard\libgcc.a(_fixunssfdi.o)
 .debug_abbrev  0x00005543      0x16a c:/chibistudio/tools/gnu tools arm embedded/11.3 2022.08/bin/../lib/gcc/arm-none-eabi/11.3.1/thumb/v7e-m+fp/hard\libgcc.a(_udivmoddi4.o)
 .debug_abbrev  0x000056ad       0x14 c:/chibistudio/tools/gnu tools arm embedded/11.3 2022.08/bin/../lib/gcc/arm-none-eabi/11.3.1/thumb/v7e-m+fp/hard\libgcc.a(_dvmd_tls.o)
 .debug_abbrev  0x000056c1       0x14 c:/chibistudio/tools/gnu tools arm embedded/11.3 2022.08/bin/../lib/gcc/arm-none-eabi/11.3.1/thumb/v7e-m+fp/hard\libgcc.a(_arm_fixunsdfsi.o)

.debug_aranges  0x00000000      0x3f0
 .debug_aranges
                0x00000000       0x20 ./build/obj/crt0_v7m.o
 .debug_aranges
                0x00000020       0x20 ./build/obj/vectors.o
 .debug_aranges
                0x00000040       0x20 ./build/obj/chcoreasm.o
 .debug_aranges
                0x00000060      0x230 C:\Users\patri\AppData\Local\Temp\ccXUclNl.ltrans0.ltrans.o
 .debug_aranges
                0x00000290       0x20 c:/chibistudio/tools/gnu tools arm embedded/11.3 2022.08/bin/../lib/gcc/arm-none-eabi/11.3.1/thumb/v7e-m+fp/hard\libg.a(libc_a-memset.o)
 .debug_aranges
                0x000002b0       0x20 c:/chibistudio/tools/gnu tools arm embedded/11.3 2022.08/bin/../lib/gcc/arm-none-eabi/11.3.1/thumb/v7e-m+fp/hard\libg.a(libc_a-memcpy.o)
 .debug_aranges
                0x000002d0       0x20 c:/chibistudio/tools/gnu tools arm embedded/11.3 2022.08/bin/../lib/gcc/arm-none-eabi/11.3.1/thumb/v7e-m+fp/hard\libgcc.a(_arm_muldf3.o)
 .debug_aranges
                0x000002f0       0x20 c:/chibistudio/tools/gnu tools arm embedded/11.3 2022.08/bin/../lib/gcc/arm-none-eabi/11.3.1/thumb/v7e-m+fp/hard\libgcc.a(_arm_addsubdf3.o)
 .debug_aranges
                0x00000310       0x20 c:/chibistudio/tools/gnu tools arm embedded/11.3 2022.08/bin/../lib/gcc/arm-none-eabi/11.3.1/thumb/v7e-m+fp/hard\libgcc.a(_arm_fixdfsi.o)
 .debug_aranges
                0x00000330       0x20 c:/chibistudio/tools/gnu tools arm embedded/11.3 2022.08/bin/../lib/gcc/arm-none-eabi/11.3.1/thumb/v7e-m+fp/hard\libgcc.a(_arm_truncdfsf2.o)
 .debug_aranges
                0x00000350       0x20 c:/chibistudio/tools/gnu tools arm embedded/11.3 2022.08/bin/../lib/gcc/arm-none-eabi/11.3.1/thumb/v7e-m+fp/hard\libgcc.a(_aeabi_uldivmod.o)
 .debug_aranges
                0x00000370       0x20 c:/chibistudio/tools/gnu tools arm embedded/11.3 2022.08/bin/../lib/gcc/arm-none-eabi/11.3.1/thumb/v7e-m+fp/hard\libgcc.a(_fixunssfdi.o)
 .debug_aranges